ESP-ROM:esp32s3-20210327
Build:Mar 27 2021
rst:0x15 (USB_UART_CHIP_RESET),boot:0xb (SPI_FAST_FLASH_BOOT)
Saved PC:0x40056f5e
SPIWP:0xee
mode:DIO, clock div:1
load:0x3fce2820,len:0x1918
load:0x403c8700,len:0x4
load:0x403c8704,len:0xe68
load:0x403cb700,len:0x303c
entry 0x403c8940
[0;32mI (26) boot: ESP-IDF v5.3.1-dirty 2nd stage bootloader[0m
[0;32mI (27) boot: compile time Mar 31 2025 12:23:40[0m
[0;32mI (27) boot: Multicore bootloader[0m
[0;32mI (27) boot: chip revision: v0.2[0m
[0;32mI (27) qio_mode: Enabling default flash chip QIO[0m
[0;32mI (28) boot.esp32s3: Boot SPI Speed : 80MHz[0m
[0;32mI (29) boot.esp32s3: SPI Mode       : QIO[0m
[0;32mI (29) boot.esp32s3: SPI Flash Size : 16MB[0m
[0;32mI (30) boot: Enabling RNG early entropy source...[0m
[0;32mI (31) boot: Partition Table:[0m
[0;32mI (31) boot: ## Label            Usage          Type ST Offset   Length[0m
[0;32mI (32) boot:  0 nvs              WiFi data        01 02 00011000 00004000[0m
[0;32mI (33) boot:  1 config_data      WiFi data        01 02 00015000 00002000[0m
[0;32mI (34) boot:  2 otadata          OTA data         01 00 00017000 00002000[0m
[0;32mI (35) boot:  3 phy_init         RF data          01 01 00019000 00001000[0m
[0;32mI (36) boot:  4 ota_0            OTA app          00 10 00020000 00360000[0m
[0;32mI (37) boot:  5 ota_1            OTA app          00 11 00380000 00360000[0m
[0;32mI (37) boot:  6 flash_tone       Unknown data     01 27 006e0000 00064000[0m
[0;32mI (38) boot:  7 auth_data        WiFi data        01 02 00744000 00002000[0m
[0;32mI (39) boot:  8 local_data       WiFi data        01 02 00746000 00032000[0m
[0;32mI (40) boot:  9 coredump         Unknown data     01 03 00778000 00010000[0m
[0;32mI (41) boot: 10 model            Unknown data     01 82 00800000 00400000[0m
[0;32mI (42) boot: 11 log_data         WiFi data        01 02 00d00000 00200000[0m
[0;32mI (43) boot: End of partition table[0m
[0;32mI (44) esp_image: segment 0: paddr=00020020 vaddr=3c140020 size=78d8ch (494988) map[0m
[0;32mI (120) esp_image: segment 1: paddr=00098db4 vaddr=3fc9d400 size=07264h ( 29284) load[0m
[0;32mI (125) esp_image: segment 2: paddr=000a0020 vaddr=42000020 size=13b9a8h (1292712) map[0m
[0;32mI (322) esp_image: segment 3: paddr=001db9d0 vaddr=3fca4664 size=010c4h (  4292) load[0m
[0;32mI (323) esp_image: segment 4: paddr=001dca9c vaddr=40374000 size=19338h (103224) load[0m
[0;32mI (354) boot: Loaded app from partition at offset 0x20000[0m
[0;32mI (354) boot: Disabling RNG early entropy source...[0m
[0;32mI (356) octal_psram: vendor id    : 0x0d (AP)[0m
[0;32mI (356) octal_psram: dev id       : 0x02 (generation 3)[0m
[0;32mI (356) octal_psram: density      : 0x03 (64 Mbit)[0m
[0;32mI (357) octal_psram: good-die     : 0x01 (Pass)[0m
[0;32mI (357) octal_psram: Latency      : 0x01 (Fixed)[0m
[0;32mI (358) octal_psram: VCC          : 0x01 (3V)[0m
[0;32mI (358) octal_psram: SRF          : 0x01 (Fast Refresh)[0m
[0;32mI (359) octal_psram: BurstType    : 0x01 (Hybrid Wrap)[0m
[0;32mI (360) octal_psram: BurstLen     : 0x01 (32 Byte)[0m
[0;32mI (361) octal_psram: Readlatency  : 0x02 (10 cycles@Fixed)[0m
[0;32mI (361) octal_psram: DriveStrength: 0x00 (1/1)[0m
[0;32mI (363) MSPI Timing: PSRAM timing tuning index: 5[0m
[0;32mI (363) esp_psram: Found 8MB PSRAM device[0m
[0;32mI (363) esp_psram: Speed: 80MHz[0m
[0;32mI (402) mmu_psram: Read only data copied and mapped to SPIRAM[0m
[0;32mI (503) mmu_psram: Instructions copied and mapped to SPIRAM[0m
[0;32mI (503) cpu_start: Multicore app[0m
[0;32mI (826) esp_psram: SPI SRAM memory test OK[0m
[0;32mI (835) cpu_start: Pro cpu start user code[0m
[0;32mI (835) cpu_start: cpu freq: 240000000 Hz[0m
[0;32mI (835) app_init: Application information:[0m
[0;32mI (835) app_init: Project name:     main_app[0m
[0;32mI (836) app_init: App version:      2[0m
[0;32mI (836) app_init: Compile time:     Mar 31 2025 13:01:25[0m
[0;32mI (837) app_init: ELF file SHA256:  dbf7b93b0...[0m
[0;32mI (838) app_init: ESP-IDF:          v5.3.1-dirty[0m
[0;32mI (838) efuse_init: Min chip rev:     v0.0[0m
[0;32mI (839) efuse_init: Max chip rev:     v0.99 [0m
[0;32mI (840) efuse_init: Chip rev:         v0.2[0m
[0;32mI (840) heap_init: Initializing. RAM available for dynamic allocation:[0m
[0;32mI (841) heap_init: At 3FCA96C8 len 00040048 (256 KiB): RAM[0m
[0;32mI (842) heap_init: At 3FCE9710 len 00005724 (21 KiB): RAM[0m
[0;32mI (843) heap_init: At 3FCF0000 len 00008000 (32 KiB): DRAM[0m
[0;32mI (843) heap_init: At 600FE100 len 00001EE8 (7 KiB): RTCRAM[0m
[0;32mI (844) esp_psram: Adding pool of 6380K of PSRAM memory to heap allocator[0m
[0;32mI (845) spi_flash: detected chip: gd[0m
[0;32mI (846) spi_flash: flash io: qio[0m
[0;31mE (846) i2c: CONFLICT! driver_ng is not allowed to be used with this old driver[0m

abort() was called at PC 0x420994b8 on core 0


Backtrace: 0x40375df2:0x3fceb1d0 0x40382d85:0x3fceb1f0 0x403885e2:0x3fceb210 0x420994b8:0x3fceb280 0x420052b6:0x3fceb2a0 0x40375953:0x3fceb2d0 0x403cca4c:0x3fceb340 0x403cce6d:0x3fceb380 0x403c89a9:0x3fceb4b0 0x40045c01:0x3fceb570 0x40043ab6:0x3fceb6f0 0x40034c45:0x3fceb710




ELF file SHA256: dbf7b93b0

[0;32mI (851) esp_core_dump_flash: Save core dump to flash...[0m
[0;32mI (852) esp_core_dump_common: Backing up stack @ 0x3fceb050 and use core dump stack @ 0x3fca67e0[0m
[0;31mE (853) esp_core_dump_flash: Core dump flash config is corrupted! CRC=0x7bd5c66f instead of 0x0[0m
[0;31mE (854) esp_core_dump_elf: Elf write init failed![0m
[0;31mE (855) esp_core_dump_common: Core dump write failed with error=-1[0m
[0;32mI (856) esp_core_dump_common: Core dump used 576 bytes on stack. 1300 bytes left free.[0m
[0;32mI (857) esp_core_dump_common: Restoring stack @ 0x3fceb050[0m
[0;32mI (858) esp_core_dump_flash: Core dump has been saved to flash.[0m
Rebooting...
ESP-ROM:esp32s3-20210327
Build:Mar 27 2021
rst:0xc (RTC_SW_CPU_RST),boot:0xb (SPI_FAST_FLASH_BOOT)
Saved PC:0x40375d50
SPIWP:0xee
mode:DIO, clock div:1
load:0x3fce2820,len:0x1918
load:0x403c8700,len:0x4
load:0x403c8704,len:0xe68
load:0x403cb700,len:0x303c
entry 0x403c8940
[0;32mI (26) boot: ESP-IDF v5.3.1-dirty 2nd stage bootloader[0m
[0;32mI (26) boot: compile time Mar 31 2025 12:23:40[0m
[0;32mI (26) boot: Multicore bootloader[0m
[0;32mI (27) boot: chip revision: v0.2[0m
[0;32mI (27) qio_mode: Enabling default flash chip QIO[0m
[0;32mI (28) boot.esp32s3: Boot SPI Speed : 80MHz[0m
[0;32mI (28) boot.esp32s3: SPI Mode       : QIO[0m
[0;32mI (29) boot.esp32s3: SPI Flash Size : 16MB[0m
[0;32mI (29) boot: Enabling RNG early entropy source...[0m
[0;32mI (30) boot: Partition Table:[0m
[0;32mI (30) boot: ## Label            Usage          Type ST Offset   Length[0m
[0;32mI (31) boot:  0 nvs              WiFi data        01 02 00011000 00004000[0m
[0;32mI (32) boot:  1 config_data      WiFi data        01 02 00015000 00002000[0m
[0;32mI (33) boot:  2 otadata          OTA data         01 00 00017000 00002000[0m
[0;32mI (34) boot:  3 phy_init         RF data          01 01 00019000 00001000[0m
[0;32mI (35) boot:  4 ota_0            OTA app          00 10 00020000 00360000[0m
[0;32mI (36) boot:  5 ota_1            OTA app          00 11 00380000 00360000[0m
[0;32mI (37) boot:  6 flash_tone       Unknown data     01 27 006e0000 00064000[0m
[0;32mI (38) boot:  7 auth_data        WiFi data        01 02 00744000 00002000[0m
[0;32mI (39) boot:  8 local_data       WiFi data        01 02 00746000 00032000[0m
[0;32mI (40) boot:  9 coredump         Unknown data     01 03 00778000 00010000[0m
[0;32mI (41) boot: 10 model            Unknown data     01 82 00800000 00400000[0m
[0;32mI (42) boot: 11 log_data         WiFi data        01 02 00d00000 00200000[0m
[0;32mI (43) boot: End of partition table[0m
[0;32mI (43) esp_image: segment 0: paddr=00020020 vaddr=3c140020 size=78d8ch (494988) map[0m
[0;32mI (119) esp_image: segment 1: paddr=00098db4 vaddr=3fc9d400 size=07264h ( 29284) load[0m
[0;32mI (125) esp_image: segment 2: paddr=000a0020 vaddr=42000020 size=13b9a8h (1292712) map[0m
[0;32mI (321) esp_image: segment 3: paddr=001db9d0 vaddr=3fca4664 size=010c4h (  4292) load[0m
[0;32mI (322) esp_image: segment 4: paddr=001dca9c vaddr=40374000 size=19338h (103224) load[0m
[0;32mI (353) boot: Loaded app from partition at offset 0x20000[0m
[0;32mI (354) boot: Disabling RNG early entropy source...[0m
[0;32mI (355) octal_psram: vendor id    : 0x0d (AP)[0m
[0;32mI (356) octal_psram: dev id       : 0x02 (generation 3)[0m
[0;32mI (356) octal_psram: density      : 0x03 (64 Mbit)[0m
[0;32mI (356) octal_psram: good-die     : 0x01 (Pass)[0m
[0;32mI (357) octal_psram: Latency      : 0x01 (Fixed)[0m
[0;32mI (357) octal_psram: VCC          : 0x01 (3V)[0m
[0;32mI (358) octal_psram: SRF          : 0x01 (Fast Refresh)[0m
[0;32mI (359) octal_psram: BurstType    : 0x01 (Hybrid Wrap)[0m
[0;32mI (359) octal_psram: BurstLen     : 0x01 (32 Byte)[0m
[0;32mI (360) octal_psram: Readlatency  : 0x02 (10 cycles@Fixed)[0m
[0;32mI (361) octal_psram: DriveStrength: 0x00 (1/1)[0m
[0;32mI (362) MSPI Timing: PSRAM timing tuning index: 5[0m
[0;32mI (362) esp_psram: Found 8MB PSRAM device[0m
[0;32mI (363) esp_psram: Speed: 80MHz[0m
[0;32mI (401) mmu_psram: Read only data copied and mapped to SPIRAM[0m
[0;32mI (502) mmu_psram: Instructions copied and mapped to SPIRAM[0m
[0;32mI (503) cpu_start: Multicore app[0m
[0;32mI (825) esp_psram: SPI SRAM memory test OK[0m
[0;32mI (834) cpu_start: Pro cpu start user code[0m
[0;32mI (834) cpu_start: cpu freq: 240000000 Hz[0m
[0;32mI (834) app_init: Application information:[0m
[0;32mI (835) app_init: Project name:     main_app[0m
[0;32mI (835) app_init: App version:      2[0m
[0;32mI (836) app_init: Compile time:     Mar 31 2025 13:01:25[0m
[0;32mI (837) app_init: ELF file SHA256:  dbf7b93b0...[0m
[0;32mI (837) app_init: ESP-IDF:          v5.3.1-dirty[0m
[0;32mI (838) efuse_init: Min chip rev:     v0.0[0m
[0;32mI (838) efuse_init: Max chip rev:     v0.99 [0m
[0;32mI (839) efuse_init: Chip rev:         v0.2[0m
[0;32mI (840) heap_init: Initializing. RAM available for dynamic allocation:[0m
[0;32mI (841) heap_init: At 3FCA96C8 len 00040048 (256 KiB): RAM[0m
[0;32mI (841) heap_init: At 3FCE9710 len 00005724 (21 KiB): RAM[0m
[0;32mI (842) heap_init: At 3FCF0000 len 00008000 (32 KiB): DRAM[0m
[0;32mI (843) heap_init: At 600FE100 len 00001EE8 (7 KiB): RTCRAM[0m
[0;32mI (844) esp_psram: Adding pool of 6380K of PSRAM memory to heap allocator[0m
[0;32mI (845) spi_flash: detected chip: gd[0m
[0;32mI (845) spi_flash: flash io: qio[0m
[0;31mE (846) i2c: CONFLICT! driver_ng is not allowed to be used with this old driver[0m

abort() was called at PC 0x420994b8 on core 0


Backtrace: 0x40375df2:0x3fceb1d0 0x40382d85:0x3fceb1f0 0x403885e2:0x3fceb210 0x420994b8:0x3fceb280 0x420052b6:0x3fceb2a0 0x40375953:0x3fceb2d0 0x403cca4c:0x3fceb340 0x403cce6d:0x3fceb380 0x403c89a9:0x3fceb4b0 0x40045c01:0x3fceb570 0x40043ab6:0x3fceb6f0 0x40034c45:0x3fceb710




ELF file SHA256: dbf7b93b0

[0;32mI (851) esp_core_dump_flash: Save core dump to flash...[0m
[0;32mI (851) esp_core_dump_common: Backing up stack @ 0x3fceb050 and use core dump stack @ 0x3fca67e0[0m
[0;31mE (853) esp_core_dump_flash: Core dump flash config is corrupted! CRC=0x7bd5c66f instead of 0x0[0m
[0;31mE (854) esp_core_dump_elf: Elf write init failed![0m
[0;31mE (854) esp_core_dump_common: Core dump write failed with error=-1[0m
[0;32mI (855) esp_core_dump_common: Core dump used 576 bytes on stack. 1300 bytes left free.[0m
[0;32mI (856) esp_core_dump_common: Restoring stack @ 0x3fceb050[0m
[0;32mI (857) esp_core_dump_flash: Core dump has been saved to flash.[0m
Rebooting...
ESP-ROM:esp32s3-20210327
Build:Mar 27 2021
rst:0xc (RTC_SW_CPU_RST),boot:0xb (SPI_FAST_FLASH_BOOT)
Saved PC:0x40375d50
SPIWP:0xee
mode:DIO, clock div:1
load:0x3fce2820,len:0x1918
load:0x403c8700,len:0x4
load:0x403c8704,len:0xe68
load:0x403cb700,len:0x303c
entry 0x403c8940
[0;32mI (26) boot: ESP-IDF v5.3.1-dirty 2nd stage bootloader[0m
[0;32mI (26) boot: compile time Mar 31 2025 12:23:40[0m
[0;32mI (26) boot: Multicore bootloader[0m
[0;32mI (27) boot: chip revision: v0.2[0m
[0;32mI (27) qio_mode: Enabling default flash chip QIO[0m
[0;32mI (28) boot.esp32s3: Boot SPI Speed : 80MHz[0m
[0;32mI (28) boot.esp32s3: SPI Mode       : QIO[0m
[0;32mI (29) boot.esp32s3: SPI Flash Size : 16MB[0m
[0;32mI (29) boot: Enabling RNG early entropy source...[0m
[0;32mI (30) boot: Partition Table:[0m
[0;32mI (30) boot: ## Label            Usage          Type ST Offset   Length[0m
[0;32mI (31) boot:  0 nvs              WiFi data        01 02 00011000 00004000[0m
[0;32mI (32) boot:  1 config_data      WiFi data        01 02 00015000 00002000[0m
[0;32mI (33) boot:  2 otadata          OTA data         01 00 00017000 00002000[0m
[0;32mI (34) boot:  3 phy_init         RF data          01 01 00019000 00001000[0m
[0;32mI (35) boot:  4 ota_0            OTA app          00 10 00020000 00360000[0m
[0;32mI (36) boot:  5 ota_1            OTA app          00 11 00380000 00360000[0m
[0;32mI (37) boot:  6 flash_tone       Unknown data     01 27 006e0000 00064000[0m
[0;32mI (38) boot:  7 auth_data        WiFi data        01 02 00744000 00002000[0m
[0;32mI (39) boot:  8 local_data       WiFi data        01 02 00746000 00032000[0m
[0;32mI (40) boot:  9 coredump         Unknown data     01 03 00778000 00010000[0m
[0;32mI (41) boot: 10 model            Unknown data     01 82 00800000 00400000[0m
[0;32mI (42) boot: 11 log_data         WiFi data        01 02 00d00000 00200000[0m
[0;32mI (43) boot: End of partition table[0m
[0;32mI (43) esp_image: segment 0: paddr=00020020 vaddr=3c140020 size=78d8ch (494988) map[0m
[0;32mI (119) esp_image: segment 1: paddr=00098db4 vaddr=3fc9d400 size=07264h ( 29284) load[0m
[0;32mI (125) esp_image: segment 2: paddr=000a0020 vaddr=42000020 size=13b9a8h (1292712) map[0m
[0;32mI (321) esp_image: segment 3: paddr=001db9d0 vaddr=3fca4664 size=010c4h (  4292) load[0m
[0;32mI (322) esp_image: segment 4: paddr=001dca9c vaddr=40374000 size=19338h (103224) load[0m
[0;32mI (353) boot: Loaded app from partition at offset 0x20000[0m
[0;32mI (354) boot: Disabling RNG early entropy source...[0m
[0;32mI (355) octal_psram: vendor id    : 0x0d (AP)[0m
[0;32mI (356) octal_psram: dev id       : 0x02 (generation 3)[0m
[0;32mI (356) octal_psram: density      : 0x03 (64 Mbit)[0m
[0;32mI (356) octal_psram: good-die     : 0x01 (Pass)[0m
[0;32mI (357) octal_psram: Latency      : 0x01 (Fixed)[0m
[0;32mI (357) octal_psram: VCC          : 0x01 (3V)[0m
[0;32mI (358) octal_psram: SRF          : 0x01 (Fast Refresh)[0m
[0;32mI (359) octal_psram: BurstType    : 0x01 (Hybrid Wrap)[0m
[0;32mI (359) octal_psram: BurstLen     : 0x01 (32 Byte)[0m
[0;32mI (360) octal_psram: Readlatency  : 0x02 (10 cycles@Fixed)[0m
[0;32mI (361) octal_psram: DriveStrength: 0x00 (1/1)[0m
[0;32mI (362) MSPI Timing: PSRAM timing tuning index: 5[0m
[0;32mI (362) esp_psram: Found 8MB PSRAM device[0m
[0;32mI (363) esp_psram: Speed: 80MHz[0m
[0;32mI (401) mmu_psram: Read only data copied and mapped to SPIRAM[0m
[0;32mI (502) mmu_psram: Instructions copied and mapped to SPIRAM[0m
[0;32mI (503) cpu_start: Multicore app[0m
[0;32mI (825) esp_psram: SPI SRAM memory test OK[0m
[0;32mI (834) cpu_start: Pro cpu start user code[0m
[0;32mI (834) cpu_start: cpu freq: 240000000 Hz[0m
[0;32mI (834) app_init: Application information:[0m
[0;32mI (835) app_init: Project name:     main_app[0m
[0;32mI (835) app_init: App version:      2[0m
[0;32mI (836) app_init: Compile time:     Mar 31 2025 13:01:25[0m
[0;32mI (837) app_init: ELF file SHA256:  dbf7b93b0...[0m
[0;32mI (837) app_init: ESP-IDF:          v5.3.1-dirty[0m
[0;32mI (838) efuse_init: Min chip rev:     v0.0[0m
[0;32mI (838) efuse_init: Max chip rev:     v0.99 [0m
[0;32mI (839) efuse_init: Chip rev:         v0.2[0m
[0;32mI (840) heap_init: Initializing. RAM available for dynamic allocation:[0m
[0;32mI (841) heap_init: At 3FCA96C8 len 00040048 (256 KiB): RAM[0m
[0;32mI (841) heap_init: At 3FCE9710 len 00005724 (21 KiB): RAM[0m
[0;32mI (842) heap_init: At 3FCF0000 len 00008000 (32 KiB): DRAM[0m
[0;32mI (843) heap_init: At 600FE100 len 00001EE8 (7 KiB): RTCRAM[0m
[0;32mI (844) esp_psram: Adding pool of 6380K of PSRAM memory to heap allocator[0m
[0;32mI (845) spi_flash: detected chip: gd[0m
[0;32mI (845) spi_flash: flash io: qio[0m
[0;31mE (846) i2c: CONFLICT! driver_ng is not allowed to be used with this old driver[0m

abort() was called at PC 0x420994b8 on core 0


Backtrace: 0x40375df2:0x3fceb1d0 0x40382d85:0x3fceb1f0 0x403885e2:0x3fceb210 0x420994b8:0x3fceb280 0x420052b6:0x3fceb2a0 0x40375953:0x3fceb2d0 0x403cca4c:0x3fceb340 0x403cce6d:0x3fceb380 0x403c89a9:0x3fceb4b0 0x40045c01:0x3fceb570 0x40043ab6:0x3fceb6f0 0x40034c45:0x3fceb710




ELF file SHA256: dbf7b93b0

[0;32mI (851) esp_core_dump_flash: Save core dump to flash...[0m
[0;32mI (851) esp_core_dump_common: Backing up stack @ 0x3fceb050 and use core dump stack @ 0x3fca67e0[0m
[0;31mE (853) esp_core_dump_flash: Core dump flash config is corrupted! CRC=0x7bd5c66f instead of 0x0[0m
[0;31mE (854) esp_core_dump_elf: Elf write init failed![0m
[0;31mE (854) esp_core_dump_common: Core dump write failed with error=-1[0m
[0;32mI (855) esp_core_dump_common: Core dump used 576 bytes on stack. 1300 bytes left free.[0m
[0;32mI (856) esp_core_dump_common: Restoring stack @ 0x3fceb050[0m
[0;32mI (857) esp_core_dump_flash: Core dump has been saved to flash.[0m
Rebooting...
ESP-ROM:esp32s3-20210327
Build:Mar 27 2021
rst:0xc (RTC_SW_CPU_RST),boot:0xb (SPI_FAST_FLASH_BOOT)
Saved PC:0x40375d50
SPIWP:0xee
mode:DIO, clock div:1
load:0x3fce2820,len:0x1918
load:0x403c8700,len:0x4
load:0x403c8704,len:0xe68
load:0x403cb700,len:0x303c
entry 0x403c8940
[0;32mI (26) boot: ESP-IDF v5.3.1-dirty 2nd stage bootloader[0m
[0;32mI (26) boot: compile time Mar 31 2025 12:23:40[0m
[0;32mI (26) boot: Multicore bootloader[0m
[0;32mI (27) boot: chip revision: v0.2[0m
[0;32mI (27) qio_mode: Enabling default flash chip QIO[0m
[0;32mI (28) boot.esp32s3: Boot SPI Speed : 80MHz[0m
[0;32mI (28) boot.esp32s3: SPI Mode       : QIO[0m
[0;32mI (29) boot.esp32s3: SPI Flash Size : 16MB[0m
[0;32mI (29) boot: Enabling RNG early entropy source...[0m
[0;32mI (30) boot: Partition Table:[0m
[0;32mI (30) boot: ## Label            Usage          Type ST Offset   Length[0m
[0;32mI (31) boot:  0 nvs              WiFi data        01 02 00011000 00004000[0m
[0;32mI (32) boot:  1 config_data      WiFi data        01 02 00015000 00002000[0m
[0;32mI (33) boot:  2 otadata          OTA data         01 00 00017000 00002000[0m
[0;32mI (34) boot:  3 phy_init         RF data          01 01 00019000 00001000[0m
[0;32mI (35) boot:  4 ota_0            OTA app          00 10 00020000 00360000[0m
[0;32mI (36) boot:  5 ota_1            OTA app          00 11 00380000 00360000[0m
[0;32mI (37) boot:  6 flash_tone       Unknown data     01 27 006e0000 00064000[0m
[0;32mI (38) boot:  7 auth_data        WiFi data        01 02 00744000 00002000[0m
[0;32mI (39) boot:  8 local_data       WiFi data        01 02 00746000 00032000[0m
[0;32mI (40) boot:  9 coredump         Unknown data     01 03 00778000 00010000[0m
[0;32mI (41) boot: 10 model            Unknown data     01 82 00800000 00400000[0m
[0;32mI (42) boot: 11 log_data         WiFi data        01 02 00d00000 00200000[0m
[0;32mI (43) boot: End of partition table[0m
[0;32mI (43) esp_image: segment 0: paddr=00020020 vaddr=3c140020 size=78d8ch (494988) map[0m
[0;32mI (119) esp_image: segment 1: paddr=00098db4 vaddr=3fc9d400 size=07264h ( 29284) load[0m
[0;32mI (125) esp_image: segment 2: paddr=000a0020 vaddr=42000020 size=13b9a8h (1292712) map[0m
[0;32mI (321) esp_image: segment 3: paddr=001db9d0 vaddr=3fca4664 size=010c4h (  4292) load[0m
[0;32mI (322) esp_image: segment 4: paddr=001dca9c vaddr=40374000 size=19338h (103224) load[0m
[0;32mI (353) boot: Loaded app from partition at offset 0x20000[0m
[0;32mI (354) boot: Disabling RNG early entropy source...[0m
[0;32mI (355) octal_psram: vendor id    : 0x0d (AP)[0m
[0;32mI (356) octal_psram: dev id       : 0x02 (generation 3)[0m
[0;32mI (356) octal_psram: density      : 0x03 (64 Mbit)[0m
[0;32mI (356) octal_psram: good-die     : 0x01 (Pass)[0m
[0;32mI (357) octal_psram: Latency      : 0x01 (Fixed)[0m
[0;32mI (357) octal_psram: VCC          : 0x01 (3V)[0m
[0;32mI (358) octal_psram: SRF          : 0x01 (Fast Refresh)[0m
[0;32mI (359) octal_psram: BurstType    : 0x01 (Hybrid Wrap)[0m
[0;32mI (359) octal_psram: BurstLen     : 0x01 (32 Byte)[0m
[0;32mI (360) octal_psram: Readlatency  : 0x02 (10 cycles@Fixed)[0m
[0;32mI (361) octal_psram: DriveStrength: 0x00 (1/1)[0m
[0;32mI (362) MSPI Timing: PSRAM timing tuning index: 5[0m
[0;32mI (362) esp_psram: Found 8MB PSRAM device[0m
[0;32mI (363) esp_psram: Speed: 80MHz[0m
[0;32mI (401) mmu_psram: Read only data copied and mapped to SPIRAM[0m
[0;32mI (502) mmu_psram: Instructions copied and mapped to SPIRAM[0m
[0;32mI (503) cpu_start: Multicore app[0m
[0;32mI (826) esp_psram: SPI SRAM memory test OK[0m
[0;32mI (834) cpu_start: Pro cpu start user code[0m
[0;32mI (834) cpu_start: cpu freq: 240000000 Hz[0m
[0;32mI (835) app_init: Application information:[0m
[0;32mI (835) app_init: Project name:     main_app[0m
[0;32mI (835) app_init: App version:      2[0m
[0;32mI (836) app_init: Compile time:     Mar 31 2025 13:01:25[0m
[0;32mI (837) app_init: ELF file SHA256:  dbf7b93b0...[0m
[0;32mI (837) app_init: ESP-IDF:          v5.3.1-dirty[0m
[0;32mI (838) efuse_init: Min chip rev:     v0.0[0m
[0;32mI (839) efuse_init: Max chip rev:     v0.99 [0m
[0;32mI (839) efuse_init: Chip rev:         v0.2[0m
[0;32mI (840) heap_init: Initializing. RAM available for dynamic allocation:[0m
[0;32mI (841) heap_init: At 3FCA96C8 len 00040048 (256 KiB): RAM[0m
[0;32mI (842) heap_init: At 3FCE9710 len 00005724 (21 KiB): RAM[0m
[0;32mI (842) heap_init: At 3FCF0000 len 00008000 (32 KiB): DRAM[0m
[0;32mI (843) heap_init: At 600FE100 len 00001EE8 (7 KiB): RTCRAM[0m
[0;32mI (844) esp_psram: Adding pool of 6380K of PSRAM memory to heap allocator[0m
[0;32mI (845) spi_flash: detected chip: gd[0m
[0;32mI (845) spi_flash: flash io: qio[0m
[0;31mE (846) i2c: CONFLICT! driver_ng is not allowed to be used with this old driver[0m

abort() was called at PC 0x420994b8 on core 0


Backtrace: 0x40375df2:0x3fceb1d0 0x40382d85:0x3fceb1f0 0x403885e2:0x3fceb210 0x420994b8:0x3fceb280 0x420052b6:0x3fceb2a0 0x40375953:0x3fceb2d0 0x403cca4c:0x3fceb340 0x403cce6d:0x3fceb380 0x403c89a9:0x3fceb4b0 0x40045c01:0x3fceb570 0x40043ab6:0x3fceb6f0 0x40034c45:0x3fceb710




ELF file SHA256: dbf7b93b0

[0;32mI (851) esp_core_dump_flash: Save core dump to flash...[0m
[0;32mI (851) esp_core_dump_common: Backing up stack @ 0x3fceb050 and use core dump stack @ 0x3fca67e0[0m
[0;31mE (853) esp_core_dump_flash: Core dump flash config is corrupted! CRC=0x7bd5c66f instead of 0x0[0m
[0;31mE (854) esp_core_dump_elf: Elf write init failed![0m
[0;31mE (854) esp_core_dump_common: Core dump write failed with error=-1[0m
[0;32mI (855) esp_core_dump_common: Core dump used 576 bytes on stack. 1300 bytes left free.[0m
[0;32mI (856) esp_core_dump_common: Restoring stack @ 0x3fceb050[0m
[0;32mI (857) esp_core_dump_flash: Core dump has been saved to flash.[0m
Rebooting...
ESP-ROM:esp32s3-20210327
Build:Mar 27 2021
rst:0xc (RTC_SW_CPU_RST),boot:0xb (SPI_FAST_FLASH_BOOT)
Saved PC:0x40375d50
SPIWP:0xee
mode:DIO, clock div:1
load:0x3fce2820,len:0x1918
load:0x403c8700,len:0x4
load:0x403c8704,len:0xe68
load:0x403cb700,len:0x303c
entry 0x403c8940
[0;32mI (26) boot: ESP-IDF v5.3.1-dirty 2nd stage bootloader[0m
[0;32mI (26) boot: compile time Mar 31 2025 12:23:40[0m
[0;32mI (26) boot: Multicore bootloader[0m
[0;32mI (27) boot: chip revision: v0.2[0m
[0;32mI (27) qio_mode: Enabling default flash chip QIO[0m
[0;32mI (28) boot.esp32s3: Boot SPI Speed : 80MHz[0m
[0;32mI (28) boot.esp32s3: SPI Mode       : QIO[0m
[0;32mI (29) boot.esp32s3: SPI Flash Size : 16MB[0m
[0;32mI (29) boot: Enabling RNG early entropy source...[0m
[0;32mI (30) boot: Partition Table:[0m
[0;32mI (30) boot: ## Label            Usage          Type ST Offset   Length[0m
[0;32mI (31) boot:  0 nvs              WiFi data        01 02 00011000 00004000[0m
[0;32mI (32) boot:  1 config_data      WiFi data        01 02 00015000 00002000[0m
[0;32mI (33) boot:  2 otadata          OTA data         01 00 00017000 00002000[0m
[0;32mI (34) boot:  3 phy_init         RF data          01 01 00019000 00001000[0m
[0;32mI (35) boot:  4 ota_0            OTA app          00 10 00020000 00360000[0m
[0;32mI (36) boot:  5 ota_1            OTA app          00 11 00380000 00360000[0m
[0;32mI (37) boot:  6 flash_tone       Unknown data     01 27 006e0000 00064000[0m
[0;32mI (38) boot:  7 auth_data        WiFi data        01 02 00744000 00002000[0m
[0;32mI (39) boot:  8 local_data       WiFi data        01 02 00746000 00032000[0m
[0;32mI (40) boot:  9 coredump         Unknown data     01 03 00778000 00010000[0m
[0;32mI (41) boot: 10 model            Unknown data     01 82 00800000 00400000[0m
[0;32mI (42) boot: 11 log_data         WiFi data        01 02 00d00000 00200000[0m
[0;32mI (43) boot: End of partition table[0m
[0;32mI (43) esp_image: segment 0: paddr=00020020 vaddr=3c140020 size=78d8ch (494988) map[0m
[0;32mI (119) esp_image: segment 1: paddr=00098db4 vaddr=3fc9d400 size=07264h ( 29284) load[0m
[0;32mI (125) esp_image: segment 2: paddr=000a0020 vaddr=42000020 size=13b9a8h (1292712) map[0m
[0;32mI (321) esp_image: segment 3: paddr=001db9d0 vaddr=3fca4664 size=010c4h (  4292) load[0m
[0;32mI (322) esp_image: segment 4: paddr=001dca9c vaddr=40374000 size=19338h (103224) load[0m
[0;32mI (353) boot: Loaded app from partition at offset 0x20000[0m
[0;32mI (354) boot: Disabling RNG early entropy source...[0m
[0;32mI (355) octal_psram: vendor id    : 0x0d (AP)[0m
[0;32mI (356) octal_psram: dev id       : 0x02 (generation 3)[0m
[0;32mI (356) octal_psram: density      : 0x03 (64 Mbit)[0m
[0;32mI (356) octal_psram: good-die     : 0x01 (Pass)[0m
[0;32mI (357) octal_psram: Latency      : 0x01 (Fixed)[0m
[0;32mI (357) octal_psram: VCC          : 0x01 (3V)[0m
[0;32mI (358) octal_psram: SRF          : 0x01 (Fast Refresh)[0m
[0;32mI (359) octal_psram: BurstType    : 0x01 (Hybrid Wrap)[0m
[0;32mI (359) octal_psram: BurstLen     : 0x01 (32 Byte)[0m
[0;32mI (360) octal_psram: Readlatency  : 0x02 (10 cycles@Fixed)[0m
[0;32mI (361) octal_psram: DriveStrength: 0x00 (1/1)[0m
[0;32mI (362) MSPI Timing: PSRAM timing tuning index: 5[0m
[0;32mI (362) esp_psram: Found 8MB PSRAM device[0m
[0;32mI (363) esp_psram: Speed: 80MHz[0m
[0;32mI (401) mmu_psram: Read only data copied and mapped to SPIRAM[0m
[0;32mI (502) mmu_psram: Instructions copied and mapped to SPIRAM[0m
[0;32mI (503) cpu_start: Multicore app[0m
[0;32mI (825) esp_psram: SPI SRAM memory test OK[0m
[0;32mI (834) cpu_start: Pro cpu start user code[0m
[0;32mI (834) cpu_start: cpu freq: 240000000 Hz[0m
[0;32mI (834) app_init: Application information:[0m
[0;32mI (835) app_init: Project name:     main_app[0m
[0;32mI (835) app_init: App version:      2[0m
[0;32mI (836) app_init: Compile time:     Mar 31 2025 13:01:25[0m
[0;32mI (837) app_init: ELF file SHA256:  dbf7b93b0...[0m
[0;32mI (837) app_init: ESP-IDF:          v5.3.1-dirty[0m
[0;32mI (838) efuse_init: Min chip rev:     v0.0[0m
[0;32mI (838) efuse_init: Max chip rev:     v0.99 [0m
[0;32mI (839) efuse_init: Chip rev:         v0.2[0m
[0;32mI (840) heap_init: Initializing. RAM available for dynamic allocation:[0m
[0;32mI (841) heap_init: At 3FCA96C8 len 00040048 (256 KiB): RAM[0m
[0;32mI (841) heap_init: At 3FCE9710 len 00005724 (21 KiB): RAM[0m
[0;32mI (842) heap_init: At 3FCF0000 len 00008000 (32 KiB): DRAM[0m
[0;32mI (843) heap_init: At 600FE100 len 00001EE8 (7 KiB): RTCRAM[0m
[0;32mI (844) esp_psram: Adding pool of 6380K of PSRAM memory to heap allocator[0m
[0;32mI (845) spi_flash: detected chip: gd[0m
[0;32mI (845) spi_flash: flash io: qio[0m
[0;31mE (846) i2c: CONFLICT! driver_ng is not allowed to be used with this old driver[0m

abort() was called at PC 0x420994b8 on core 0


Backtrace: 0x40375df2:0x3fceb1d0 0x40382d85:0x3fceb1f0 0x403885e2:0x3fceb210 0x420994b8:0x3fceb280 0x420052b6:0x3fceb2a0 0x40375953:0x3fceb2d0 0x403cca4c:0x3fceb340 0x403cce6d:0x3fceb380 0x403c89a9:0x3fceb4b0 0x40045c01:0x3fceb570 0x40043ab6:0x3fceb6f0 0x40034c45:0x3fceb710




ELF file SHA256: dbf7b93b0

[0;32mI (851) esp_core_dump_flash: Save core dump to flash...[0m
[0;32mI (851) esp_core_dump_common: Backing up stack @ 0x3fceb050 and use core dump stack @ 0x3fca67e0[0m
[0;31mE (853) esp_core_dump_flash: Core dump flash config is corrupted! CRC=0x7bd5c66f instead of 0x0[0m
[0;31mE (854) esp_core_dump_elf: Elf write init failed![0m
[0;31mE (854) esp_core_dump_common: Core dump write failed with error=-1[0m
[0;32mI (855) esp_core_dump_common: Core dump used 576 bytes on stack. 1300 bytes left free.[0m
[0;32mI (856) esp_core_dump_common: Restoring stack @ 0x3fceb050[0m
[0;32mI (857) esp_core_dump_flash: Core dump has been saved to flash.[0m
Rebooting...
ESP-ROM:esp32s3-20210327
Build:Mar 27 2021
rst:0xc (RTC_SW_CPU_RST),boot:0xb (SPI_FAST_FLASH_BOOT)
Saved PC:0x40375d50
SPIWP:0xee
mode:DIO, clock div:1
load:0x3fce2820,len:0x1918
load:0x403c8700,len:0x4
load:0x403c8704,len:0xe68
load:0x403cb700,len:0x303c
entry 0x403c8940
[0;32mI (26) boot: ESP-IDF v5.3.1-dirty 2nd stage bootloader[0m
[0;32mI (26) boot: compile time Mar 31 2025 12:23:40[0m
[0;32mI (26) boot: Multicore bootloader[0m
[0;32mI (27) boot: chip revision: v0.2[0m
[0;32mI (27) qio_mode: Enabling default flash chip QIO[0m
[0;32mI (28) boot.esp32s3: Boot SPI Speed : 80MHz[0m
[0;32mI (28) boot.esp32s3: SPI Mode       : QIO[0m
[0;32mI (29) boot.esp32s3: SPI Flash Size : 16MB[0m
[0;32mI (29) boot: Enabling RNG early entropy source...[0m
[0;32mI (30) boot: Partition Table:[0m
[0;32mI (30) boot: ## Label            Usage          Type ST Offset   Length[0m
[0;32mI (31) boot:  0 nvs              WiFi data        01 02 00011000 00004000[0m
[0;32mI (32) boot:  1 config_data      WiFi data        01 02 00015000 00002000[0m
[0;32mI (33) boot:  2 otadata          OTA data         01 00 00017000 00002000[0m
[0;32mI (34) boot:  3 phy_init         RF data          01 01 00019000 00001000[0m
[0;32mI (35) boot:  4 ota_0            OTA app          00 10 00020000 00360000[0m
[0;32mI (36) boot:  5 ota_1            OTA app          00 11 00380000 00360000[0m
[0;32mI (37) boot:  6 flash_tone       Unknown data     01 27 006e0000 00064000[0m
[0;32mI (38) boot:  7 auth_data        WiFi data        01 02 00744000 00002000[0m
[0;32mI (39) boot:  8 local_data       WiFi data        01 02 00746000 00032000[0m
[0;32mI (40) boot:  9 coredump         Unknown data     01 03 00778000 00010000[0m
[0;32mI (41) boot: 10 model            Unknown data     01 82 00800000 00400000[0m
[0;32mI (42) boot: 11 log_data         WiFi data        01 02 00d00000 00200000[0m
[0;32mI (43) boot: End of partition table[0m
[0;32mI (43) esp_image: segment 0: paddr=00020020 vaddr=3c140020 size=78d8ch (494988) map[0m
[0;32mI (119) esp_image: segment 1: paddr=00098db4 vaddr=3fc9d400 size=07264h ( 29284) load[0m
[0;32mI (125) esp_image: segment 2: paddr=000a0020 vaddr=42000020 size=13b9a8h (1292712) map[0m
[0;32mI (321) esp_image: segment 3: paddr=001db9d0 vaddr=3fca4664 size=010c4h (  4292) load[0m
[0;32mI (322) esp_image: segment 4: paddr=001dca9c vaddr=40374000 size=19338h (103224) load[0m
[0;32mI (353) boot: Loaded app from partition at offset 0x20000[0m
[0;32mI (354) boot: Disabling RNG early entropy source...[0m
[0;32mI (355) octal_psram: vendor id    : 0x0d (AP)[0m
[0;32mI (356) octal_psram: dev id       : 0x02 (generation 3)[0m
[0;32mI (356) octal_psram: density      : 0x03 (64 Mbit)[0m
[0;32mI (356) octal_psram: good-die     : 0x01 (Pass)[0m
[0;32mI (357) octal_psram: Latency      : 0x01 (Fixed)[0m
[0;32mI (357) octal_psram: VCC          : 0x01 (3V)[0m
[0;32mI (358) octal_psram: SRF          : 0x01 (Fast Refresh)[0m
[0;32mI (359) octal_psram: BurstType    : 0x01 (Hybrid Wrap)[0m
[0;32mI (360) octal_psram: BurstLen     : 0x01 (32 Byte)[0m
[0;32mI (360) octal_psram: Readlatency  : 0x02 (10 cycles@Fixed)[0m
[0;32mI (361) octal_psram: DriveStrength: 0x00 (1/1)[0m
[0;32mI (362) MSPI Timing: PSRAM timing tuning index: 5[0m
[0;32mI (362) esp_psram: Found 8MB PSRAM device[0m
[0;32mI (363) esp_psram: Speed: 80MHz[0m
[0;32mI (401) mmu_psram: Read only data copied and mapped to SPIRAM[0m
[0;32mI (502) mmu_psram: Instructions copied and mapped to SPIRAM[0m
[0;32mI (503) cpu_start: Multicore app[0m
[0;32mI (826) esp_psram: SPI SRAM memory test OK[0m
[0;32mI (834) cpu_start: Pro cpu start user code[0m
[0;32mI (834) cpu_start: cpu freq: 240000000 Hz[0m
[0;32mI (835) app_init: Application information:[0m
[0;32mI (835) app_init: Project name:     main_app[0m
[0;32mI (835) app_init: App version:      2[0m
[0;32mI (836) app_init: Compile time:     Mar 31 2025 13:01:25[0m
[0;32mI (837) app_init: ELF file SHA256:  dbf7b93b0...[0m
[0;32mI (837) app_init: ESP-IDF:          v5.3.1-dirty[0m
[0;32mI (838) efuse_init: Min chip rev:     v0.0[0m
[0;32mI (839) efuse_init: Max chip rev:     v0.99 [0m
[0;32mI (839) efuse_init: Chip rev:         v0.2[0m
[0;32mI (840) heap_init: Initializing. RAM available for dynamic allocation:[0m
[0;32mI (841) heap_init: At 3FCA96C8 len 00040048 (256 KiB): RAM[0m
[0;32mI (841) heap_init: At 3FCE9710 len 00005724 (21 KiB): RAM[0m
[0;32mI (842) heap_init: At 3FCF0000 len 00008000 (32 KiB): DRAM[0m
[0;32mI (843) heap_init: At 600FE100 len 00001EE8 (7 KiB): RTCRAM[0m
[0;32mI (844) esp_psram: Adding pool of 6380K of PSRAM memory to heap allocator[0m
[0;32mI (845) spi_flash: detected chip: gd[0m
[0;32mI (845) spi_flash: flash io: qio[0m
[0;31mE (846) i2c: CONFLICT! driver_ng is not allowed to be used with this old driver[0m

abort() was called at PC 0x420994b8 on core 0


Backtrace: 0x40375df2:0x3fceb1d0 0x40382d85:0x3fceb1f0 0x403885e2:0x3fceb210 0x420994b8:0x3fceb280 0x420052b6:0x3fceb2a0 0x40375953:0x3fceb2d0 0x403cca4c:0x3fceb340 0x403cce6d:0x3fceb380 0x403c89a9:0x3fceb4b0 0x40045c01:0x3fceb570 0x40043ab6:0x3fceb6f0 0x40034c45:0x3fceb710




ELF file SHA256: dbf7b93b0

[0;32mI (851) esp_core_dump_flash: Save core dump to flash...[0m
[0;32mI (851) esp_core_dump_common: Backing up stack @ 0x3fceb050 and use core dump stack @ 0x3fca67e0[0m
[0;31mE (853) esp_core_dump_flash: Core dump flash config is corrupted! CRC=0x7bd5c66f instead of 0x0[0m
[0;31mE (854) esp_core_dump_elf: Elf write init failed![0m
[0;31mE (854) esp_core_dump_common: Core dump write failed with error=-1[0m
[0;32mI (855) esp_core_dump_common: Core dump used 576 bytes on stack. 1300 bytes left free.[0m
[0;32mI (856) esp_core_dump_common: Restoring stack @ 0x3fceb050[0m
[0;32mI (857) esp_core_dump_flash: Core dump has been saved to flash.[0m
Rebooting...
ESP-ROM:esp32s3-20210327
Build:Mar 27 2021
rst:0xc (RTC_SW_CPU_RST),boot:0xb (SPI_FAST_FLASH_BOOT)
Saved PC:0x40375d50
SPIWP:0xee
mode:DIO, clock div:1
load:0x3fce2820,len:0x1918
load:0x403c8700,len:0x4
load:0x403c8704,len:0xe68
load:0x403cb700,len:0x303c
entry 0x403c8940
[0;32mI (26) boot: ESP-IDF v5.3.1-dirty 2nd stage bootloader[0m
[0;32mI (26) boot: compile time Mar 31 2025 12:23:40[0m
[0;32mI (26) boot: Multicore bootloader[0m
[0;32mI (27) boot: chip revision: v0.2[0m
[0;32mI (27) qio_mode: Enabling default flash chip QIO[0m
[0;32mI (28) boot.esp32s3: Boot SPI Speed : 80MHz[0m
[0;32mI (28) boot.esp32s3: SPI Mode       : QIO[0m
[0;32mI (29) boot.esp32s3: SPI Flash Size : 16MB[0m
[0;32mI (29) boot: Enabling RNG early entropy source...[0m
[0;32mI (30) boot: Partition Table:[0m
[0;32mI (30) boot: ## Label            Usage          Type ST Offset   Length[0m
[0;32mI (31) boot:  0 nvs              WiFi data        01 02 00011000 00004000[0m
[0;32mI (32) boot:  1 config_data      WiFi data        01 02 00015000 00002000[0m
[0;32mI (33) boot:  2 otadata          OTA data         01 00 00017000 00002000[0m
[0;32mI (34) boot:  3 phy_init         RF data          01 01 00019000 00001000[0m
[0;32mI (35) boot:  4 ota_0            OTA app          00 10 00020000 00360000[0m
[0;32mI (36) boot:  5 ota_1            OTA app          00 11 00380000 00360000[0m
[0;32mI (37) boot:  6 flash_tone       Unknown data     01 27 006e0000 00064000[0m
[0;32mI (38) boot:  7 auth_data        WiFi data        01 02 00744000 00002000[0m
[0;32mI (39) boot:  8 local_data       WiFi data        01 02 00746000 00032000[0m
[0;32mI (40) boot:  9 coredump         Unknown data     01 03 00778000 00010000[0m
[0;32mI (41) boot: 10 model            Unknown data     01 82 00800000 00400000[0m
[0;32mI (42) boot: 11 log_data         WiFi data        01 02 00d00000 00200000[0m
[0;32mI (43) boot: End of partition table[0m
[0;32mI (43) esp_image: segment 0: paddr=00020020 vaddr=3c140020 size=78d8ch (494988) map[0m
[0;32mI (119) esp_image: segment 1: paddr=00098db4 vaddr=3fc9d400 size=07264h ( 29284) load[0m
[0;32mI (125) esp_image: segment 2: paddr=000a0020 vaddr=42000020 size=13b9a8h (1292712) map[0m
[0;32mI (321) esp_image: segment 3: paddr=001db9d0 vaddr=3fca4664 size=010c4h (  4292) load[0m
[0;32mI (322) esp_image: segment 4: paddr=001dca9c vaddr=40374000 size=19338h (103224) load[0m
[0;32mI (353) boot: Loaded app from partition at offset 0x20000[0m
[0;32mI (354) boot: Disabling RNG early entropy source...[0m
[0;32mI (355) octal_psram: vendor id    : 0x0d (AP)[0m
[0;32mI (356) octal_psram: dev id       : 0x02 (generation 3)[0m
[0;32mI (356) octal_psram: density      : 0x03 (64 Mbit)[0m
[0;32mI (356) octal_psram: good-die     : 0x01 (Pass)[0m
[0;32mI (357) octal_psram: Latency      : 0x01 (Fixed)[0m
[0;32mI (357) octal_psram: VCC          : 0x01 (3V)[0m
[0;32mI (358) octal_psram: SRF          : 0x01 (Fast Refresh)[0m
[0;32mI (359) octal_psram: BurstType    : 0x01 (Hybrid Wrap)[0m
[0;32mI (359) octal_psram: BurstLen     : 0x01 (32 Byte)[0m
[0;32mI (360) octal_psram: Readlatency  : 0x02 (10 cycles@Fixed)[0m
[0;32mI (361) octal_psram: DriveStrength: 0x00 (1/1)[0m
[0;32mI (362) MSPI Timing: PSRAM timing tuning index: 5[0m
[0;32mI (362) esp_psram: Found 8MB PSRAM device[0m
[0;32mI (363) esp_psram: Speed: 80MHz[0m
[0;32mI (401) mmu_psram: Read only data copied and mapped to SPIRAM[0m
[0;32mI (502) mmu_psram: Instructions copied and mapped to SPIRAM[0m
[0;32mI (503) cpu_start: Multicore app[0m
[0;32mI (825) esp_psram: SPI SRAM memory test OK[0m
[0;32mI (834) cpu_start: Pro cpu start user code[0m
[0;32mI (834) cpu_start: cpu freq: 240000000 Hz[0m
[0;32mI (834) app_init: Application information:[0m
[0;32mI (835) app_init: Project name:     main_app[0m
[0;32mI (835) app_init: App version:      2[0m
[0;32mI (836) app_init: Compile time:     Mar 31 2025 13:01:25[0m
[0;32mI (837) app_init: ELF file SHA256:  dbf7b93b0...[0m
[0;32mI (837) app_init: ESP-IDF:          v5.3.1-dirty[0m
[0;32mI (838) efuse_init: Min chip rev:     v0.0[0m
[0;32mI (838) efuse_init: Max chip rev:     v0.99 [0m
[0;32mI (839) efuse_init: Chip rev:         v0.2[0m
[0;32mI (840) heap_init: Initializing. RAM available for dynamic allocation:[0m
[0;32mI (841) heap_init: At 3FCA96C8 len 00040048 (256 KiB): RAM[0m
[0;32mI (841) heap_init: At 3FCE9710 len 00005724 (21 KiB): RAM[0m
[0;32mI (842) heap_init: At 3FCF0000 len 00008000 (32 KiB): DRAM[0m
[0;32mI (843) heap_init: At 600FE100 len 00001EE8 (7 KiB): RTCRAM[0m
[0;32mI (844) esp_psram: Adding pool of 6380K of PSRAM memory to heap allocator[0m
[0;32mI (845) spi_flash: detected chip: gd[0m
[0;32mI (845) spi_flash: flash io: qio[0m
[0;31mE (846) i2c: CONFLICT! driver_ng is not allowed to be used with this old driver[0m

abort() was called at PC 0x420994b8 on core 0


Backtrace: 0x40375df2:0x3fceb1d0 0x40382d85:0x3fceb1f0 0x403885e2:0x3fceb210 0x420994b8:0x3fceb280 0x420052b6:0x3fceb2a0 0x40375953:0x3fceb2d0 0x403cca4c:0x3fceb340 0x403cce6d:0x3fceb380 0x403c89a9:0x3fceb4b0 0x40045c01:0x3fceb570 0x40043ab6:0x3fceb6f0 0x40034c45:0x3fceb710




ELF file SHA256: dbf7b93b0

[0;32mI (851) esp_core_dump_flash: Save core dump to flash...[0m
[0;32mI (851) esp_core_dump_common: Backing up stack @ 0x3fceb050 and use core dump stack @ 0x3fca67e0[0m
[0;31mE (853) esp_core_dump_flash: Core dump flash config is corrupted! CRC=0x7bd5c66f instead of 0x0[0m
[0;31mE (854) esp_core_dump_elf: Elf write init failed![0m
[0;31mE (854) esp_core_dump_common: Core dump write failed with error=-1[0m
[0;32mI (855) esp_core_dump_common: Core dump used 576 bytes on stack. 1300 bytes left free.[0m
[0;32mI (856) esp_core_dump_common: Restoring stack @ 0x3fceb050[0m
[0;32mI (857) esp_core_dump_flash: Core dump has been saved to flash.[0m
Rebooting...
ESP-ROM:esp32s3-20210327
Build:Mar 27 2021
rst:0xc (RTC_SW_CPU_RST),boot:0xb (SPI_FAST_FLASH_BOOT)
Saved PC:0x40375d50
SPIWP:0xee
mode:DIO, clock div:1
load:0x3fce2820,len:0x1918
load:0x403c8700,len:0x4
load:0x403c8704,len:0xe68
load:0x403cb700,len:0x303c
entry 0x403c8940
[0;32mI (26) boot: ESP-IDF v5.3.1-dirty 2nd stage bootloader[0m
[0;32mI (26) boot: compile time Mar 31 2025 12:23:40[0m
[0;32mI (26) boot: Multicore bootloader[0m
[0;32mI (27) boot: chip revision: v0.2[0m
[0;32mI (27) qio_mode: Enabling default flash chip QIO[0m
[0;32mI (28) boot.esp32s3: Boot SPI Speed : 80MHz[0m
[0;32mI (28) boot.esp32s3: SPI Mode       : QIO[0m
[0;32mI (29) boot.esp32s3: SPI Flash Size : 16MB[0m
[0;32mI (29) boot: Enabling RNG early entropy source...[0m
[0;32mI (30) boot: Partition Table:[0m
[0;32mI (30) boot: ## Label            Usage          Type ST Offset   Length[0m
[0;32mI (31) boot:  0 nvs              WiFi data        01 02 00011000 00004000[0m
[0;32mI (32) boot:  1 config_data      WiFi data        01 02 00015000 00002000[0m
[0;32mI (33) boot:  2 otadata          OTA data         01 00 00017000 00002000[0m
[0;32mI (34) boot:  3 phy_init         RF data          01 01 00019000 00001000[0m
[0;32mI (35) boot:  4 ota_0            OTA app          00 10 00020000 00360000[0m
[0;32mI (36) boot:  5 ota_1            OTA app          00 11 00380000 00360000[0m
[0;32mI (37) boot:  6 flash_tone       Unknown data     01 27 006e0000 00064000[0m
[0;32mI (38) boot:  7 auth_data        WiFi data        01 02 00744000 00002000[0m
[0;32mI (39) boot:  8 local_data       WiFi data        01 02 00746000 00032000[0m
[0;32mI (40) boot:  9 coredump         Unknown data     01 03 00778000 00010000[0m
[0;32mI (41) boot: 10 model            Unknown data     01 82 00800000 00400000[0m
[0;32mI (42) boot: 11 log_data         WiFi data        01 02 00d00000 00200000[0m
[0;32mI (43) boot: End of partition table[0m
[0;32mI (43) esp_image: segment 0: paddr=00020020 vaddr=3c140020 size=78d8ch (494988) map[0m
[0;32mI (119) esp_image: segment 1: paddr=00098db4 vaddr=3fc9d400 size=07264h ( 29284) load[0m
[0;32mI (125) esp_image: segment 2: paddr=000a0020 vaddr=42000020 size=13b9a8h (1292712) map[0m
[0;32mI (321) esp_image: segment 3: paddr=001db9d0 vaddr=3fca4664 size=010c4h (  4292) load[0m
[0;32mI (322) esp_image: segment 4: paddr=001dca9c vaddr=40374000 size=19338h (103224) load[0m
[0;32mI (353) boot: Loaded app from partition at offset 0x20000[0m
[0;32mI (354) boot: Disabling RNG early entropy source...[0m
[0;32mI (355) octal_psram: vendor id    : 0x0d (AP)[0m
[0;32mI (356) octal_psram: dev id       : 0x02 (generation 3)[0m
[0;32mI (356) octal_psram: density      : 0x03 (64 Mbit)[0m
[0;32mI (356) octal_psram: good-die     : 0x01 (Pass)[0m
[0;32mI (357) octal_psram: Latency      : 0x01 (Fixed)[0m
[0;32mI (357) octal_psram: VCC          : 0x01 (3V)[0m
[0;32mI (358) octal_psram: SRF          : 0x01 (Fast Refresh)[0m
[0;32mI (359) octal_psram: BurstType    : 0x01 (Hybrid Wrap)[0m
[0;32mI (360) octal_psram: BurstLen     : 0x01 (32 Byte)[0m
[0;32mI (360) octal_psram: Readlatency  : 0x02 (10 cycles@Fixed)[0m
[0;32mI (361) octal_psram: DriveStrength: 0x00 (1/1)[0m
[0;32mI (362) MSPI Timing: PSRAM timing tuning index: 5[0m
[0;32mI (362) esp_psram: Found 8MB PSRAM device[0m
[0;32mI (363) esp_psram: Speed: 80MHz[0m
[0;32mI (401) mmu_psram: Read only data copied and mapped to SPIRAM[0m
[0;32mI (502) mmu_psram: Instructions copied and mapped to SPIRAM[0m
[0;32mI (503) cpu_start: Multicore app[0m
[0;32mI (826) esp_psram: SPI SRAM memory test OK[0m
[0;32mI (834) cpu_start: Pro cpu start user code[0m
[0;32mI (834) cpu_start: cpu freq: 240000000 Hz[0m
[0;32mI (835) app_init: Application information:[0m
[0;32mI (835) app_init: Project name:     main_app[0m
[0;32mI (835) app_init: App version:      2[0m
[0;32mI (836) app_init: Compile time:     Mar 31 2025 13:01:25[0m
[0;32mI (837) app_init: ELF file SHA256:  dbf7b93b0...[0m
[0;32mI (837) app_init: ESP-IDF:          v5.3.1-dirty[0m
[0;32mI (838) efuse_init: Min chip rev:     v0.0[0m
[0;32mI (839) efuse_init: Max chip rev:     v0.99 [0m
[0;32mI (839) efuse_init: Chip rev:         v0.2[0m
[0;32mI (840) heap_init: Initializing. RAM available for dynamic allocation:[0m
[0;32mI (841) heap_init: At 3FCA96C8 len 00040048 (256 KiB): RAM[0m
[0;32mI (841) heap_init: At 3FCE9710 len 00005724 (21 KiB): RAM[0m
[0;32mI (842) heap_init: At 3FCF0000 len 00008000 (32 KiB): DRAM[0m
[0;32mI (843) heap_init: At 600FE100 len 00001EE8 (7 KiB): RTCRAM[0m
[0;32mI (844) esp_psram: Adding pool of 6380K of PSRAM memory to heap allocator[0m
[0;32mI (845) spi_flash: detected chip: gd[0m
[0;32mI (845) spi_flash: flash io: qio[0m
[0;31mE (846) i2c: CONFLICT! driver_ng is not allowed to be used with this old driver[0m

abort() was called at PC 0x420994b8 on core 0


Backtrace: 0x40375df2:0x3fceb1d0 0x40382d85:0x3fceb1f0 0x403885e2:0x3fceb210 0x420994b8:0x3fceb280 0x420052b6:0x3fceb2a0 0x40375953:0x3fceb2d0 0x403cca4c:0x3fceb340 0x403cce6d:0x3fceb380 0x403c89a9:0x3fceb4b0 0x40045c01:0x3fceb570 0x40043ab6:0x3fceb6f0 0x40034c45:0x3fceb710




ELF file SHA256: dbf7b93b0

[0;32mI (851) esp_core_dump_flash: Save core dump to flash...[0m
[0;32mI (851) esp_core_dump_common: Backing up stack @ 0x3fceb050 and use core dump stack @ 0x3fca67e0[0m
[0;31mE (853) esp_core_dump_flash: Core dump flash config is corrupted! CRC=0x7bd5c66f instead of 0x0[0m
[0;31mE (854) esp_core_dump_elf: Elf write init failed![0m
[0;31mE (854) esp_core_dump_common: Core dump write failed with error=-1[0m
[0;32mI (855) esp_core_dump_common: Core dump used 576 bytes on stack. 1300 bytes left free.[0m
[0;32mI (856) esp_core_dump_common: Restoring stack @ 0x3fceb050[0m
[0;32mI (857) esp_core_dump_flash: Core dump has been saved to flash.[0m
Rebooting...
ESP-ROM:esp32s3-20210327
Build:Mar 27 2021
rst:0xc (RTC_SW_CPU_RST),boot:0xb (SPI_FAST_FLASH_BOOT)
Saved PC:0x40375d50
SPIWP:0xee
mode:DIO, clock div:1
load:0x3fce2820,len:0x1918
load:0x403c8700,len:0x4
load:0x403c8704,len:0xe68
load:0x403cb700,len:0x303c
entry 0x403c8940
[0;32mI (26) boot: ESP-IDF v5.3.1-dirty 2nd stage bootloader[0m
[0;32mI (26) boot: compile time Mar 31 2025 12:23:40[0m
[0;32mI (26) boot: Multicore bootloader[0m
[0;32mI (27) boot: chip revision: v0.2[0m
[0;32mI (27) qio_mode: Enabling default flash chip QIO[0m
[0;32mI (28) boot.esp32s3: Boot SPI Speed : 80MHz[0m
[0;32mI (28) boot.esp32s3: SPI Mode       : QIO[0m
[0;32mI (29) boot.esp32s3: SPI Flash Size : 16MB[0m
[0;32mI (29) boot: Enabling RNG early entropy source...[0m
[0;32mI (30) boot: Partition Table:[0m
[0;32mI (30) boot: ## Label            Usage          Type ST Offset   Length[0m
[0;32mI (31) boot:  0 nvs              WiFi data        01 02 00011000 00004000[0m
[0;32mI (32) boot:  1 config_data      WiFi data        01 02 00015000 00002000[0m
[0;32mI (33) boot:  2 otadata          OTA data         01 00 00017000 00002000[0m
[0;32mI (34) boot:  3 phy_init         RF data          01 01 00019000 00001000[0m
[0;32mI (35) boot:  4 ota_0            OTA app          00 10 00020000 00360000[0m
[0;32mI (36) boot:  5 ota_1            OTA app          00 11 00380000 00360000[0m
[0;32mI (37) boot:  6 flash_tone       Unknown data     01 27 006e0000 00064000[0m
[0;32mI (38) boot:  7 auth_data        WiFi data        01 02 00744000 00002000[0m
[0;32mI (39) boot:  8 local_data       WiFi data        01 02 00746000 00032000[0m
[0;32mI (40) boot:  9 coredump         Unknown data     01 03 00778000 00010000[0m
[0;32mI (41) boot: 10 model            Unknown data     01 82 00800000 00400000[0m
[0;32mI (42) boot: 11 log_data         WiFi data        01 02 00d00000 00200000[0m
[0;32mI (43) boot: End of partition table[0m
[0;32mI (43) esp_image: segment 0: paddr=00020020 vaddr=3c140020 size=78d8ch (494988) map[0m
[0;32mI (119) esp_image: segment 1: paddr=00098db4 vaddr=3fc9d400 size=07264h ( 29284) load[0m
[0;32mI (125) esp_image: segment 2: paddr=000a0020 vaddr=42000020 size=13b9a8h (1292712) map[0m
[0;32mI (321) esp_image: segment 3: paddr=001db9d0 vaddr=3fca4664 size=010c4h (  4292) load[0m
[0;32mI (322) esp_image: segment 4: paddr=001dca9c vaddr=40374000 size=19338h (103224) load[0m
[0;32mI (353) boot: Loaded app from partition at offset 0x20000[0m
[0;32mI (354) boot: Disabling RNG early entropy source...[0m
[0;32mI (355) octal_psram: vendor id    : 0x0d (AP)[0m
[0;32mI (356) octal_psram: dev id       : 0x02 (generation 3)[0m
[0;32mI (356) octal_psram: density      : 0x03 (64 Mbit)[0m
[0;32mI (356) octal_psram: good-die     : 0x01 (Pass)[0m
[0;32mI (357) octal_psram: Latency      : 0x01 (Fixed)[0m
[0;32mI (357) octal_psram: VCC          : 0x01 (3V)[0m
[0;32mI (358) octal_psram: SRF          : 0x01 (Fast Refresh)[0m
[0;32mI (359) octal_psram: BurstType    : 0x01 (Hybrid Wrap)[0m
[0;32mI (359) octal_psram: BurstLen     : 0x01 (32 Byte)[0m
[0;32mI (360) octal_psram: Readlatency  : 0x02 (10 cycles@Fixed)[0m
[0;32mI (361) octal_psram: DriveStrength: 0x00 (1/1)[0m
[0;32mI (362) MSPI Timing: PSRAM timing tuning index: 5[0m
[0;32mI (362) esp_psram: Found 8MB PSRAM device[0m
[0;32mI (363) esp_psram: Speed: 80MHz[0m
[0;32mI (401) mmu_psram: Read only data copied and mapped to SPIRAM[0m
[0;32mI (502) mmu_psram: Instructions copied and mapped to SPIRAM[0m
[0;32mI (503) cpu_start: Multicore app[0m
[0;32mI (825) esp_psram: SPI SRAM memory test OK[0m
[0;32mI (834) cpu_start: Pro cpu start user code[0m
[0;32mI (834) cpu_start: cpu freq: 240000000 Hz[0m
[0;32mI (834) app_init: Application information:[0m
[0;32mI (835) app_init: Project name:     main_app[0m
[0;32mI (835) app_init: App version:      2[0m
[0;32mI (836) app_init: Compile time:     Mar 31 2025 13:01:25[0m
[0;32mI (837) app_init: ELF file SHA256:  dbf7b93b0...[0m
[0;32mI (837) app_init: ESP-IDF:          v5.3.1-dirty[0m
[0;32mI (838) efuse_init: Min chip rev:     v0.0[0m
[0;32mI (838) efuse_init: Max chip rev:     v0.99 [0m
[0;32mI (839) efuse_init: Chip rev:         v0.2[0m
[0;32mI (840) heap_init: Initializing. RAM available for dynamic allocation:[0m
[0;32mI (841) heap_init: At 3FCA96C8 len 00040048 (256 KiB): RAM[0m
[0;32mI (841) heap_init: At 3FCE9710 len 00005724 (21 KiB): RAM[0m
[0;32mI (842) heap_init: At 3FCF0000 len 00008000 (32 KiB): DRAM[0m
[0;32mI (843) heap_init: At 600FE100 len 00001EE8 (7 KiB): RTCRAM[0m
[0;32mI (844) esp_psram: Adding pool of 6380K of PSRAM memory to heap allocator[0m
[0;32mI (845) spi_flash: detected chip: gd[0m
[0;32mI (845) spi_flash: flash io: qio[0m
[0;31mE (846) i2c: CONFLICT! driver_ng is not allowed to be used with this old driver[0m

abort() was called at PC 0x420994b8 on core 0


Backtrace: 0x40375df2:0x3fceb1d0 0x40382d85:0x3fceb1f0 0x403885e2:0x3fceb210 0x420994b8:0x3fceb280 0x420052b6:0x3fceb2a0 0x40375953:0x3fceb2d0 0x403cca4c:0x3fceb340 0x403cce6d:0x3fceb380 0x403c89a9:0x3fceb4b0 0x40045c01:0x3fceb570 0x40043ab6:0x3fceb6f0 0x40034c45:0x3fceb710




ELF file SHA256: dbf7b93b0

[0;32mI (851) esp_core_dump_flash: Save core dump to flash...[0m
[0;32mI (851) esp_core_dump_common: Backing up stack @ 0x3fceb050 and use core dump stack @ 0x3fca67e0[0m
[0;31mE (853) esp_core_dump_flash: Core dump flash config is corrupted! CRC=0x7bd5c66f instead of 0x0[0m
[0;31mE (854) esp_core_dump_elf: Elf write init failed![0m
[0;31mE (854) esp_core_dump_common: Core dump write failed with error=-1[0m
[0;32mI (855) esp_core_dump_common: Core dump used 576 bytes on stack. 1300 bytes left free.[0m
[0;32mI (856) esp_core_dump_common: Restoring stack @ 0x3fceb050[0m
[0;32mI (857) esp_core_dump_flash: Core dump has been saved to flash.[0m
Rebooting...
ESP-ROM:esp32s3-20210327
Build:Mar 27 2021
rst:0xc (RTC_SW_CPU_RST),boot:0xb (SPI_FAST_FLASH_BOOT)
Saved PC:0x40375d50
SPIWP:0xee
mode:DIO, clock div:1
load:0x3fce2820,len:0x1918
load:0x403c8700,len:0x4
load:0x403c8704,len:0xe68
load:0x403cb700,len:0x303c
entry 0x403c8940
[0;32mI (26) boot: ESP-IDF v5.3.1-dirty 2nd stage bootloader[0m
[0;32mI (26) boot: compile time Mar 31 2025 12:23:40[0m
[0;32mI (26) boot: Multicore bootloader[0m
[0;32mI (27) boot: chip revision: v0.2[0m
[0;32mI (27) qio_mode: Enabling default flash chip QIO[0m
[0;32mI (28) boot.esp32s3: Boot SPI Speed : 80MHz[0m
[0;32mI (28) boot.esp32s3: SPI Mode       : QIO[0m
[0;32mI (29) boot.esp32s3: SPI Flash Size : 16MB[0m
[0;32mI (29) boot: Enabling RNG early entropy source...[0m
[0;32mI (30) boot: Partition Table:[0m
[0;32mI (30) boot: ## Label            Usage          Type ST Offset   Length[0m
[0;32mI (31) boot:  0 nvs              WiFi data        01 02 00011000 00004000[0m
[0;32mI (32) boot:  1 config_data      WiFi data        01 02 00015000 00002000[0m
[0;32mI (33) boot:  2 otadata          OTA data         01 00 00017000 00002000[0m
[0;32mI (34) boot:  3 phy_init         RF data          01 01 00019000 00001000[0m
[0;32mI (35) boot:  4 ota_0            OTA app          00 10 00020000 00360000[0m
[0;32mI (36) boot:  5 ota_1            OTA app          00 11 00380000 00360000[0m
[0;32mI (37) boot:  6 flash_tone       Unknown data     01 27 006e0000 00064000[0m
[0;32mI (38) boot:  7 auth_data        WiFi data        01 02 00744000 00002000[0m
[0;32mI (39) boot:  8 local_data       WiFi data        01 02 00746000 00032000[0m
[0;32mI (40) boot:  9 coredump         Unknown data     01 03 00778000 00010000[0m
[0;32mI (41) boot: 10 model            Unknown data     01 82 00800000 00400000[0m
[0;32mI (42) boot: 11 log_data         WiFi data        01 02 00d00000 00200000[0m
[0;32mI (43) boot: End of partition table[0m
[0;32mI (43) esp_image: segment 0: paddr=00020020 vaddr=3c140020 size=78d8ch (494988) map[0m
[0;32mI (119) esp_image: segment 1: paddr=00098db4 vaddr=3fc9d400 size=07264h ( 29284) load[0m
[0;32mI (125) esp_image: segment 2: paddr=000a0020 vaddr=42000020 size=13b9a8h (1292712) map[0m
[0;32mI (321) esp_image: segment 3: paddr=001db9d0 vaddr=3fca4664 size=010c4h (  4292) load[0m
[0;32mI (322) esp_image: segment 4: paddr=001dca9c vaddr=40374000 size=19338h (103224) load[0m
[0;32mI (353) boot: Loaded app from partition at offset 0x20000[0m
[0;32mI (354) boot: Disabling RNG early entropy source...[0m
[0;32mI (355) octal_psram: vendor id    : 0x0d (AP)[0m
[0;32mI (356) octal_psram: dev id       : 0x02 (generation 3)[0m
[0;32mI (356) octal_psram: density      : 0x03 (64 Mbit)[0m
[0;32mI (356) octal_psram: good-die     : 0x01 (Pass)[0m
[0;32mI (357) octal_psram: Latency      : 0x01 (Fixed)[0m
[0;32mI (357) octal_psram: VCC          : 0x01 (3V)[0m
[0;32mI (358) octal_psram: SRF          : 0x01 (Fast Refresh)[0m
[0;32mI (359) octal_psram: BurstType    : 0x01 (Hybrid Wrap)[0m
[0;32mI (359) octal_psram: BurstLen     : 0x01 (32 Byte)[0m
[0;32mI (360) octal_psram: Readlatency  : 0x02 (10 cycles@Fixed)[0m
[0;32mI (361) octal_psram: DriveStrength: 0x00 (1/1)[0m
[0;32mI (362) MSPI Timing: PSRAM timing tuning index: 5[0m
[0;32mI (362) esp_psram: Found 8MB PSRAM device[0m
[0;32mI (363) esp_psram: Speed: 80MHz[0m
[0;32mI (401) mmu_psram: Read only data copied and mapped to SPIRAM[0m
[0;32mI (502) mmu_psram: Instructions copied and mapped to SPIRAM[0m
[0;32mI (503) cpu_start: Multicore app[0m
[0;32mI (825) esp_psram: SPI SRAM memory test OK[0m
[0;32mI (834) cpu_start: Pro cpu start user code[0m
[0;32mI (834) cpu_start: cpu freq: 240000000 Hz[0m
[0;32mI (834) app_init: Application information:[0m
[0;32mI (835) app_init: Project name:     main_app[0m
[0;32mI (835) app_init: App version:      2[0m
[0;32mI (836) app_init: Compile time:     Mar 31 2025 13:01:25[0m
[0;32mI (837) app_init: ELF file SHA256:  dbf7b93b0...[0m
[0;32mI (837) app_init: ESP-IDF:          v5.3.1-dirty[0m
[0;32mI (838) efuse_init: Min chip rev:     v0.0[0m
[0;32mI (838) efuse_init: Max chip rev:     v0.99 [0m
[0;32mI (839) efuse_init: Chip rev:         v0.2[0m
[0;32mI (840) heap_init: Initializing. RAM available for dynamic allocation:[0m
[0;32mI (841) heap_init: At 3FCA96C8 len 00040048 (256 KiB): RAM[0m
[0;32mI (841) heap_init: At 3FCE9710 len 00005724 (21 KiB): RAM[0m
[0;32mI (842) heap_init: At 3FCF0000 len 00008000 (32 KiB): DRAM[0m
[0;32mI (843) heap_init: At 600FE100 len 00001EE8 (7 KiB): RTCRAM[0m
[0;32mI (844) esp_psram: Adding pool of 6380K of PSRAM memory to heap allocator[0m
[0;32mI (845) spi_flash: detected chip: gd[0m
[0;32mI (845) spi_flash: flash io: qio[0m
[0;31mE (846) i2c: CONFLICT! driver_ng is not allowed to be used with this old driver[0m

abort() was called at PC 0x420994b8 on core 0


Backtrace: 0x40375df2:0x3fceb1d0 0x40382d85:0x3fceb1f0 0x403885e2:0x3fceb210 0x420994b8:0x3fceb280 0x420052b6:0x3fceb2a0 0x40375953:0x3fceb2d0 0x403cca4c:0x3fceb340 0x403cce6d:0x3fceb380 0x403c89a9:0x3fceb4b0 0x40045c01:0x3fceb570 0x40043ab6:0x3fceb6f0 0x40034c45:0x3fceb710




ELF file SHA256: dbf7b93b0

[0;32mI (851) esp_core_dump_flash: Save core dump to flash...[0m
[0;32mI (851) esp_core_dump_common: Backing up stack @ 0x3fceb050 and use core dump stack @ 0x3fca67e0[0m
[0;31mE (853) esp_core_dump_flash: Core dump flash config is corrupted! CRC=0x7bd5c66f instead of 0x0[0m
[0;31mE (854) esp_core_dump_elf: Elf write init failed![0m
[0;31mE (854) esp_core_dump_common: Core dump write failed with error=-1[0m
[0;32mI (855) esp_core_dump_common: Core dump used 576 bytes on stack. 1300 bytes left free.[0m
[0;32mI (856) esp_core_dump_common: Restoring stack @ 0x3fceb050[0m
[0;32mI (857) esp_core_dump_flash: Core dump has been saved to flash.[0m
Rebooting...
ESP-ROM:esp32s3-20210327
Build:Mar 27 2021
rst:0xc (RTC_SW_CPU_RST),boot:0xb (SPI_FAST_FLASH_BOOT)
Saved PC:0x40375d50
SPIWP:0xee
mode:DIO, clock div:1
load:0x3fce2820,len:0x1918
load:0x403c8700,len:0x4
load:0x403c8704,len:0xe68
load:0x403cb700,len:0x303c
entry 0x403c8940
[0;32mI (26) boot: ESP-IDF v5.3.1-dirty 2nd stage bootloader[0m
[0;32mI (26) boot: compile time Mar 31 2025 12:23:40[0m
[0;32mI (26) boot: Multicore bootloader[0m
[0;32mI (27) boot: chip revision: v0.2[0m
[0;32mI (27) qio_mode: Enabling default flash chip QIO[0m
[0;32mI (28) boot.esp32s3: Boot SPI Speed : 80MHz[0m
[0;32mI (28) boot.esp32s3: SPI Mode       : QIO[0m
[0;32mI (29) boot.esp32s3: SPI Flash Size : 16MB[0m
[0;32mI (29) boot: Enabling RNG early entropy source...[0m
[0;32mI (30) boot: Partition Table:[0m
[0;32mI (30) boot: ## Label            Usage          Type ST Offset   Length[0m
[0;32mI (31) boot:  0 nvs              WiFi data        01 02 00011000 00004000[0m
[0;32mI (32) boot:  1 config_data      WiFi data        01 02 00015000 00002000[0m
[0;32mI (33) boot:  2 otadata          OTA data         01 00 00017000 00002000[0m
[0;32mI (34) boot:  3 phy_init         RF data          01 01 00019000 00001000[0m
[0;32mI (35) boot:  4 ota_0            OTA app          00 10 00020000 00360000[0m
[0;32mI (36) boot:  5 ota_1            OTA app          00 11 00380000 00360000[0m
[0;32mI (37) boot:  6 flash_tone       Unknown data     01 27 006e0000 00064000[0m
[0;32mI (38) boot:  7 auth_data        WiFi data        01 02 00744000 00002000[0m
[0;32mI (39) boot:  8 local_data       WiFi data        01 02 00746000 00032000[0m
[0;32mI (40) boot:  9 coredump         Unknown data     01 03 00778000 00010000[0m
[0;32mI (41) boot: 10 model            Unknown data     01 82 00800000 00400000[0m
[0;32mI (42) boot: 11 log_data         WiFi data        01 02 00d00000 00200000[0m
[0;32mI (43) boot: End of partition table[0m
[0;32mI (43) esp_image: segment 0: paddr=00020020 vaddr=3c140020 size=78d8ch (494988) map[0m
[0;32mI (119) esp_image: segment 1: paddr=00098db4 vaddr=3fc9d400 size=07264h ( 29284) load[0m
[0;32mI (125) esp_image: segment 2: paddr=000a0020 vaddr=42000020 size=13b9a8h (1292712) map[0m
[0;32mI (321) esp_image: segment 3: paddr=001db9d0 vaddr=3fca4664 size=010c4h (  4292) load[0m
[0;32mI (322) esp_image: segment 4: paddr=001dca9c vaddr=40374000 size=19338h (103224) load[0m
[0;32mI (353) boot: Loaded app from partition at offset 0x20000[0m
[0;32mI (354) boot: Disabling RNG early entropy source...[0m
[0;32mI (355) octal_psram: vendor id    : 0x0d (AP)[0m
[0;32mI (356) octal_psram: dev id       : 0x02 (generation 3)[0m
[0;32mI (356) octal_psram: density      : 0x03 (64 Mbit)[0m
[0;32mI (356) octal_psram: good-die     : 0x01 (Pass)[0m
[0;32mI (357) octal_psram: Latency      : 0x01 (Fixed)[0m
[0;32mI (357) octal_psram: VCC          : 0x01 (3V)[0m
[0;32mI (358) octal_psram: SRF          : 0x01 (Fast Refresh)[0m
[0;32mI (359) octal_psram: BurstType    : 0x01 (Hybrid Wrap)[0m
[0;32mI (359) octal_psram: BurstLen     : 0x01 (32 Byte)[0m
[0;32mI (360) octal_psram: Readlatency  : 0x02 (10 cycles@Fixed)[0m
[0;32mI (361) octal_psram: DriveStrength: 0x00 (1/1)[0m
[0;32mI (362) MSPI Timing: PSRAM timing tuning index: 5[0m
[0;32mI (362) esp_psram: Found 8MB PSRAM device[0m
[0;32mI (363) esp_psram: Speed: 80MHz[0m
[0;32mI (401) mmu_psram: Read only data copied and mapped to SPIRAM[0m
[0;32mI (502) mmu_psram: Instructions copied and mapped to SPIRAM[0m
[0;32mI (503) cpu_start: Multicore app[0m
[0;32mI (825) esp_psram: SPI SRAM memory test OK[0m
[0;32mI (834) cpu_start: Pro cpu start user code[0m
[0;32mI (834) cpu_start: cpu freq: 240000000 Hz[0m
[0;32mI (834) app_init: Application information:[0m
[0;32mI (835) app_init: Project name:     main_app[0m
[0;32mI (835) app_init: App version:      2[0m
[0;32mI (836) app_init: Compile time:     Mar 31 2025 13:01:25[0m
[0;32mI (837) app_init: ELF file SHA256:  dbf7b93b0...[0m
[0;32mI (837) app_init: ESP-IDF:          v5.3.1-dirty[0m
[0;32mI (838) efuse_init: Min chip rev:     v0.0[0m
[0;32mI (838) efuse_init: Max chip rev:     v0.99 [0m
[0;32mI (839) efuse_init: Chip rev:         v0.2[0m
[0;32mI (840) heap_init: Initializing. RAM available for dynamic allocation:[0m
[0;32mI (841) heap_init: At 3FCA96C8 len 00040048 (256 KiB): RAM[0m
[0;32mI (841) heap_init: At 3FCE9710 len 00005724 (21 KiB): RAM[0m
[0;32mI (842) heap_init: At 3FCF0000 len 00008000 (32 KiB): DRAM[0m
[0;32mI (843) heap_init: At 600FE100 len 00001EE8 (7 KiB): RTCRAM[0m
[0;32mI (844) esp_psram: Adding pool of 6380K of PSRAM memory to heap allocator[0m
[0;32mI (845) spi_flash: detected chip: gd[0m
[0;32mI (845) spi_flash: flash io: qio[0m
[0;31mE (846) i2c: CONFLICT! driver_ng is not allowed to be used with this old driver[0m

abort() was called at PC 0x420994b8 on core 0


Backtrace: 0x40375df2:0x3fceb1d0 0x40382d85:0x3fceb1f0 0x403885e2:0x3fceb210 0x420994b8:0x3fceb280 0x420052b6:0x3fceb2a0 0x40375953:0x3fceb2d0 0x403cca4c:0x3fceb340 0x403cce6d:0x3fceb380 0x403c89a9:0x3fceb4b0 0x40045c01:0x3fceb570 0x40043ab6:0x3fceb6f0 0x40034c45:0x3fceb710




ELF file SHA256: dbf7b93b0

[0;32mI (851) esp_core_dump_flash: Save core dump to flash...[0m
[0;32mI (851) esp_core_dump_common: Backing up stack @ 0x3fceb050 and use core dump stack @ 0x3fca67e0[0m
[0;31mE (853) esp_core_dump_flash: Core dump flash config is corrupted! CRC=0x7bd5c66f instead of 0x0[0m
[0;31mE (854) esp_core_dump_elf: Elf write init failed![0m
[0;31mE (854) esp_core_dump_common: Core dump write failed with error=-1[0m
[0;32mI (855) esp_core_dump_common: Core dump used 576 bytes on stack. 1300 bytes left free.[0m
[0;32mI (856) esp_core_dump_common: Restoring stack @ 0x3fceb050[0m
[0;32mI (857) esp_core_dump_flash: Core dump has been saved to flash.[0m
Rebooting...
ESP-ROM:esp32s3-20210327
Build:Mar 27 2021
rst:0xc (RTC_SW_CPU_RST),boot:0xb (SPI_FAST_FLASH_BOOT)
Saved PC:0x40375d50
SPIWP:0xee
mode:DIO, clock div:1
load:0x3fce2820,len:0x1918
load:0x403c8700,len:0x4
load:0x403c8704,len:0xe68
load:0x403cb700,len:0x303c
entry 0x403c8940
[0;32mI (26) boot: ESP-IDF v5.3.1-dirty 2nd stage bootloader[0m
[0;32mI (26) boot: compile time Mar 31 2025 12:23:40[0m
[0;32mI (26) boot: Multicore bootloader[0m
[0;32mI (27) boot: chip revision: v0.2[0m
[0;32mI (27) qio_mode: Enabling default flash chip QIO[0m
[0;32mI (28) boot.esp32s3: Boot SPI Speed : 80MHz[0m
[0;32mI (28) boot.esp32s3: SPI Mode       : QIO[0m
[0;32mI (29) boot.esp32s3: SPI Flash Size : 16MB[0m
[0;32mI (29) boot: Enabling RNG early entropy source...[0m
[0;32mI (30) boot: Partition Table:[0m
[0;32mI (30) boot: ## Label            Usage          Type ST Offset   Length[0m
[0;32mI (31) boot:  0 nvs              WiFi data        01 02 00011000 00004000[0m
[0;32mI (32) boot:  1 config_data      WiFi data        01 02 00015000 00002000[0m
[0;32mI (33) boot:  2 otadata          OTA data         01 00 00017000 00002000[0m
[0;32mI (34) boot:  3 phy_init         RF data          01 01 00019000 00001000[0m
[0;32mI (35) boot:  4 ota_0            OTA app          00 10 00020000 00360000[0m
[0;32mI (36) boot:  5 ota_1            OTA app          00 11 00380000 00360000[0m
[0;32mI (37) boot:  6 flash_tone       Unknown data     01 27 006e0000 00064000[0m
[0;32mI (38) boot:  7 auth_data        WiFi data        01 02 00744000 00002000[0m
[0;32mI (39) boot:  8 local_data       WiFi data        01 02 00746000 00032000[0m
[0;32mI (40) boot:  9 coredump         Unknown data     01 03 00778000 00010000[0m
[0;32mI (41) boot: 10 model            Unknown data     01 82 00800000 00400000[0m
[0;32mI (42) boot: 11 log_data         WiFi data        01 02 00d00000 00200000[0m
[0;32mI (43) boot: End of partition table[0m
[0;32mI (43) esp_image: segment 0: paddr=00020020 vaddr=3c140020 size=78d8ch (494988) map[0m
[0;32mI (119) esp_image: segment 1: paddr=00098db4 vaddr=3fc9d400 size=07264h ( 29284) load[0m
[0;32mI (125) esp_image: segment 2: paddr=000a0020 vaddr=42000020 size=13b9a8h (1292712) map[0m
[0;32mI (321) esp_image: segment 3: paddr=001db9d0 vaddr=3fca4664 size=010c4h (  4292) load[0m
[0;32mI (322) esp_image: segment 4: paddr=001dca9c vaddr=40374000 size=19338h (103224) load[0m
[0;32mI (353) boot: Loaded app from partition at offset 0x20000[0m
[0;32mI (354) boot: Disabling RNG early entropy source...[0m
[0;32mI (355) octal_psram: vendor id    : 0x0d (AP)[0m
[0;32mI (356) octal_psram: dev id       : 0x02 (generation 3)[0m
[0;32mI (356) octal_psram: density      : 0x03 (64 Mbit)[0m
[0;32mI (356) octal_psram: good-die     : 0x01 (Pass)[0m
[0;32mI (357) octal_psram: Latency      : 0x01 (Fixed)[0m
[0;32mI (357) octal_psram: VCC          : 0x01 (3V)[0m
[0;32mI (358) octal_psram: SRF          : 0x01 (Fast Refresh)[0m
[0;32mI (359) octal_psram: BurstType    : 0x01 (Hybrid Wrap)[0m
[0;32mI (360) octal_psram: BurstLen     : 0x01 (32 Byte)[0m
[0;32mI (360) octal_psram: Readlatency  : 0x02 (10 cycles@Fixed)[0m
[0;32mI (361) octal_psram: DriveStrength: 0x00 (1/1)[0m
[0;32mI (362) MSPI Timing: PSRAM timing tuning index: 5[0m
[0;32mI (362) esp_psram: Found 8MB PSRAM device[0m
[0;32mI (363) esp_psram: Speed: 80MHz[0m
[0;32mI (401) mmu_psram: Read only data copied and mapped to SPIRAM[0m
[0;32mI (502) mmu_psram: Instructions copied and mapped to SPIRAM[0m
[0;32mI (503) cpu_start: Multicore app[0m
[0;32mI (826) esp_psram: SPI SRAM memory test OK[0m
[0;32mI (834) cpu_start: Pro cpu start user code[0m
[0;32mI (835) cpu_start: cpu freq: 240000000 Hz[0m
[0;32mI (835) app_init: Application information:[0m
[0;32mI (835) app_init: Project name:     main_app[0m
[0;32mI (835) app_init: App version:      2[0m
[0;32mI (836) app_init: Compile time:     Mar 31 2025 13:01:25[0m
[0;32mI (837) app_init: ELF file SHA256:  dbf7b93b0...[0m
[0;32mI (837) app_init: ESP-IDF:          v5.3.1-dirty[0m
[0;32mI (838) efuse_init: Min chip rev:     v0.0[0m
[0;32mI (839) efuse_init: Max chip rev:     v0.99 [0m
[0;32mI (839) efuse_init: Chip rev:         v0.2[0m
[0;32mI (840) heap_init: Initializing. RAM available for dynamic allocation:[0m
[0;32mI (841) heap_init: At 3FCA96C8 len 00040048 (256 KiB): RAM[0m
[0;32mI (842) heap_init: At 3FCE9710 len 00005724 (21 KiB): RAM[0m
[0;32mI (842) heap_init: At 3FCF0000 len 00008000 (32 KiB): DRAM[0m
[0;32mI (843) heap_init: At 600FE100 len 00001EE8 (7 KiB): RTCRAM[0m
[0;32mI (844) esp_psram: Adding pool of 6380K of PSRAM memory to heap allocator[0m
[0;32mI (845) spi_flash: detected chip: gd[0m
[0;32mI (845) spi_flash: flash io: qio[0m
[0;31mE (846) i2c: CONFLICT! driver_ng is not allowed to be used with this old driver[0m

abort() was called at PC 0x420994b8 on core 0


Backtrace: 0x40375df2:0x3fceb1d0 0x40382d85:0x3fceb1f0 0x403885e2:0x3fceb210 0x420994b8:0x3fceb280 0x420052b6:0x3fceb2a0 0x40375953:0x3fceb2d0 0x403cca4c:0x3fceb340 0x403cce6d:0x3fceb380 0x403c89a9:0x3fceb4b0 0x40045c01:0x3fceb570 0x40043ab6:0x3fceb6f0 0x40034c45:0x3fceb710




ELF file SHA256: dbf7b93b0

[0;32mI (851) esp_core_dump_flash: Save core dump to flash...[0m
[0;32mI (852) esp_core_dump_common: Backing up stack @ 0x3fceb050 and use core dump stack @ 0x3fca67e0[0m
[0;31mE (853) esp_core_dump_flash: Core dump flash config is corrupted! CRC=0x7bd5c66f instead of 0x0[0m
[0;31mE (854) esp_core_dump_elf: Elf write init failed![0m
[0;31mE (855) esp_core_dump_common: Core dump write failed with error=-1[0m
[0;32mI (855) esp_core_dump_common: Core dump used 576 bytes on stack. 1300 bytes left free.[0m
[0;32mI (856) esp_core_dump_common: Restoring stack @ 0x3fceb050[0m
[0;32mI (857) esp_core_dump_flash: Core dump has been saved to flash.[0m
Rebooting...
ESP-ROM:esp32s3-20210327
Build:Mar 27 2021
rst:0xc (RTC_SW_CPU_RST),boot:0xb (SPI_FAST_FLASH_BOOT)
Saved PC:0x40375d50
SPIWP:0xee
mode:DIO, clock div:1
load:0x3fce2820,len:0x1918
load:0x403c8700,len:0x4
load:0x403c8704,len:0xe68
load:0x403cb700,len:0x303c
entry 0x403c8940
[0;32mI (26) boot: ESP-IDF v5.3.1-dirty 2nd stage bootloader[0m
[0;32mI (26) boot: compile time Mar 31 2025 12:23:40[0m
[0;32mI (26) boot: Multicore bootloader[0m
[0;32mI (27) boot: chip revision: v0.2[0m
[0;32mI (27) qio_mode: Enabling default flash chip QIO[0m
[0;32mI (28) boot.esp32s3: Boot SPI Speed : 80MHz[0m
[0;32mI (28) boot.esp32s3: SPI Mode       : QIO[0m
[0;32mI (29) boot.esp32s3: SPI Flash Size : 16MB[0m
[0;32mI (29) boot: Enabling RNG early entropy source...[0m
[0;32mI (30) boot: Partition Table:[0m
[0;32mI (30) boot: ## Label            Usage          Type ST Offset   Length[0m
[0;32mI (31) boot:  0 nvs              WiFi data        01 02 00011000 00004000[0m
[0;32mI (32) boot:  1 config_data      WiFi data        01 02 00015000 00002000[0m
[0;32mI (33) boot:  2 otadata          OTA data         01 00 00017000 00002000[0m
[0;32mI (34) boot:  3 phy_init         RF data          01 01 00019000 00001000[0m
[0;32mI (35) boot:  4 ota_0            OTA app          00 10 00020000 00360000[0m
[0;32mI (36) boot:  5 ota_1            OTA app          00 11 00380000 00360000[0m
[0;32mI (37) boot:  6 flash_tone       Unknown data     01 27 006e0000 00064000[0m
[0;32mI (38) boot:  7 auth_data        WiFi data        01 02 00744000 00002000[0m
[0;32mI (39) boot:  8 local_data       WiFi data        01 02 00746000 00032000[0m
[0;32mI (40) boot:  9 coredump         Unknown data     01 03 00778000 00010000[0m
[0;32mI (41) boot: 10 model            Unknown data     01 82 00800000 00400000[0m
[0;32mI (42) boot: 11 log_data         WiFi data        01 02 00d00000 00200000[0m
[0;32mI (43) boot: End of partition table[0m
[0;32mI (43) esp_image: segment 0: paddr=00020020 vaddr=3c140020 size=78d8ch (494988) map[0m
[0;32mI (119) esp_image: segment 1: paddr=00098db4 vaddr=3fc9d400 size=07264h ( 29284) load[0m
[0;32mI (125) esp_image: segment 2: paddr=000a0020 vaddr=42000020 size=13b9a8h (1292712) map[0m
[0;32mI (321) esp_image: segment 3: paddr=001db9d0 vaddr=3fca4664 size=010c4h (  4292) load[0m
[0;32mI (322) esp_image: segment 4: paddr=001dca9c vaddr=40374000 size=19338h (103224) load[0m
[0;32mI (353) boot: Loaded app from partition at offset 0x20000[0m
[0;32mI (354) boot: Disabling RNG early entropy source...[0m
[0;32mI (355) octal_psram: vendor id    : 0x0d (AP)[0m
[0;32mI (356) octal_psram: dev id       : 0x02 (generation 3)[0m
[0;32mI (356) octal_psram: density      : 0x03 (64 Mbit)[0m
[0;32mI (356) octal_psram: good-die     : 0x01 (Pass)[0m
[0;32mI (357) octal_psram: Latency      : 0x01 (Fixed)[0m
[0;32mI (357) octal_psram: VCC          : 0x01 (3V)[0m
[0;32mI (358) octal_psram: SRF          : 0x01 (Fast Refresh)[0m
[0;32mI (359) octal_psram: BurstType    : 0x01 (Hybrid Wrap)[0m
[0;32mI (360) octal_psram: BurstLen     : 0x01 (32 Byte)[0m
[0;32mI (360) octal_psram: Readlatency  : 0x02 (10 cycles@Fixed)[0m
[0;32mI (361) octal_psram: DriveStrength: 0x00 (1/1)[0m
[0;32mI (362) MSPI Timing: PSRAM timing tuning index: 5[0m
[0;32mI (362) esp_psram: Found 8MB PSRAM device[0m
[0;32mI (363) esp_psram: Speed: 80MHz[0m
[0;32mI (401) mmu_psram: Read only data copied and mapped to SPIRAM[0m
[0;32mI (502) mmu_psram: Instructions copied and mapped to SPIRAM[0m
[0;32mI (503) cpu_start: Multicore app[0m
[0;32mI (826) esp_psram: SPI SRAM memory test OK[0m
[0;32mI (834) cpu_start: Pro cpu start user code[0m
[0;32mI (834) cpu_start: cpu freq: 240000000 Hz[0m
[0;32mI (835) app_init: Application information:[0m
[0;32mI (835) app_init: Project name:     main_app[0m
[0;32mI (835) app_init: App version:      2[0m
[0;32mI (836) app_init: Compile time:     Mar 31 2025 13:01:25[0m
[0;32mI (837) app_init: ELF file SHA256:  dbf7b93b0...[0m
[0;32mI (837) app_init: ESP-IDF:          v5.3.1-dirty[0m
[0;32mI (838) efuse_init: Min chip rev:     v0.0[0m
[0;32mI (839) efuse_init: Max chip rev:     v0.99 [0m
[0;32mI (839) efuse_init: Chip rev:         v0.2[0m
[0;32mI (840) heap_init: Initializing. RAM available for dynamic allocation:[0m
[0;32mI (841) heap_init: At 3FCA96C8 len 00040048 (256 KiB): RAM[0m
[0;32mI (841) heap_init: At 3FCE9710 len 00005724 (21 KiB): RAM[0m
[0;32mI (842) heap_init: At 3FCF0000 len 00008000 (32 KiB): DRAM[0m
[0;32mI (843) heap_init: At 600FE100 len 00001EE8 (7 KiB): RTCRAM[0m
[0;32mI (844) esp_psram: Adding pool of 6380K of PSRAM memory to heap allocator[0m
[0;32mI (845) spi_flash: detected chip: gd[0m
[0;32mI (845) spi_flash: flash io: qio[0m
[0;31mE (846) i2c: CONFLICT! driver_ng is not allowed to be used with this old driver[0m

abort() was called at PC 0x420994b8 on core 0


Backtrace: 0x40375df2:0x3fceb1d0 0x40382d85:0x3fceb1f0 0x403885e2:0x3fceb210 0x420994b8:0x3fceb280 0x420052b6:0x3fceb2a0 0x40375953:0x3fceb2d0 0x403cca4c:0x3fceb340 0x403cce6d:0x3fceb380 0x403c89a9:0x3fceb4b0 0x40045c01:0x3fceb570 0x40043ab6:0x3fceb6f0 0x40034c45:0x3fceb710




ELF file SHA256: dbf7b93b0

[0;32mI (851) esp_core_dump_flash: Save core dump to flash...[0m
[0;32mI (851) esp_core_dump_common: Backing up stack @ 0x3fceb050 and use core dump stack @ 0x3fca67e0[0m
[0;31mE (853) esp_core_dump_flash: Core dump flash config is corrupted! CRC=0x7bd5c66f instead of 0x0[0m
[0;31mE (854) esp_core_dump_elf: Elf write init failed![0m
[0;31mE (854) esp_core_dump_common: Core dump write failed with error=-1[0m
[0;32mI (855) esp_core_dump_common: Core dump used 576 bytes on stack. 1300 bytes left free.[0m
[0;32mI (856) esp_core_dump_common: Restoring stack @ 0x3fceb050[0m
[0;32mI (857) esp_core_dump_flash: Core dump has been saved to flash.[0m
Rebooting...
ESP-ROM:esp32s3-20210327
Build:Mar 27 2021
rst:0xc (RTC_SW_CPU_RST),boot:0xb (SPI_FAST_FLASH_BOOT)
Saved PC:0x40375d50
SPIWP:0xee
mode:DIO, clock div:1
load:0x3fce2820,len:0x1918
load:0x403c8700,len:0x4
load:0x403c8704,len:0xe68
load:0x403cb700,len:0x303c
entry 0x403c8940
[0;32mI (26) boot: ESP-IDF v5.3.1-dirty 2nd stage bootloader[0m
[0;32mI (26) boot: compile time Mar 31 2025 12:23:40[0m
[0;32mI (27) boot: Multicore bootloader[0m
[0;32mI (27) boot: chip revision: v0.2[0m
[0;32mI (27) qio_mode: Enabling default flash chip QIO[0m
[0;32mI (28) boot.esp32s3: Boot SPI Speed : 80MHz[0m
[0;32mI (28) boot.esp32s3: SPI Mode       : QIO[0m
[0;32mI (29) boot.esp32s3: SPI Flash Size : 16MB[0m
[0;32mI (29) boot: Enabling RNG early entropy source...[0m
[0;32mI (30) boot: Partition Table:[0m
[0;32mI (30) boot: ## Label            Usage          Type ST Offset   Length[0m
[0;32mI (31) boot:  0 nvs              WiFi data        01 02 00011000 00004000[0m
[0;32mI (32) boot:  1 config_data      WiFi data        01 02 00015000 00002000[0m
[0;32mI (33) boot:  2 otadata          OTA data         01 00 00017000 00002000[0m
[0;32mI (34) boot:  3 phy_init         RF data          01 01 00019000 00001000[0m
[0;32mI (35) boot:  4 ota_0            OTA app          00 10 00020000 00360000[0m
[0;32mI (36) boot:  5 ota_1            OTA app          00 11 00380000 00360000[0m
[0;32mI (37) boot:  6 flash_tone       Unknown data     01 27 006e0000 00064000[0m
[0;32mI (38) boot:  7 auth_data        WiFi data        01 02 00744000 00002000[0m
[0;32mI (39) boot:  8 local_data       WiFi data        01 02 00746000 00032000[0m
[0;32mI (40) boot:  9 coredump         Unknown data     01 03 00778000 00010000[0m
[0;32mI (41) boot: 10 model            Unknown data     01 82 00800000 00400000[0m
[0;32mI (42) boot: 11 log_data         WiFi data        01 02 00d00000 00200000[0m
[0;32mI (43) boot: End of partition table[0m
[0;32mI (43) esp_image: segment 0: paddr=00020020 vaddr=3c140020 size=78d8ch (494988) map[0m
[0;32mI (119) esp_image: segment 1: paddr=00098db4 vaddr=3fc9d400 size=07264h ( 29284) load[0m
[0;32mI (125) esp_image: segment 2: paddr=000a0020 vaddr=42000020 size=13b9a8h (1292712) map[0m
[0;32mI (321) esp_image: segment 3: paddr=001db9d0 vaddr=3fca4664 size=010c4h (  4292) load[0m
[0;32mI (322) esp_image: segment 4: paddr=001dca9c vaddr=40374000 size=19338h (103224) load[0m
[0;32mI (353) boot: Loaded app from partition at offset 0x20000[0m
[0;32mI (354) boot: Disabling RNG early entropy source...[0m
[0;32mI (355) octal_psram: vendor id    : 0x0d (AP)[0m
[0;32mI (356) octal_psram: dev id       : 0x02 (generation 3)[0m
[0;32mI (356) octal_psram: density      : 0x03 (64 Mbit)[0m
[0;32mI (356) octal_psram: good-die     : 0x01 (Pass)[0m
[0;32mI (357) octal_psram: Latency      : 0x01 (Fixed)[0m
[0;32mI (357) octal_psram: VCC          : 0x01 (3V)[0m
[0;32mI (358) octal_psram: SRF          : 0x01 (Fast Refresh)[0m
[0;32mI (359) octal_psram: BurstType    : 0x01 (Hybrid Wrap)[0m
[0;32mI (359) octal_psram: BurstLen     : 0x01 (32 Byte)[0m
[0;32mI (360) octal_psram: Readlatency  : 0x02 (10 cycles@Fixed)[0m
[0;32mI (361) octal_psram: DriveStrength: 0x00 (1/1)[0m
[0;32mI (362) MSPI Timing: PSRAM timing tuning index: 5[0m
[0;32mI (362) esp_psram: Found 8MB PSRAM device[0m
[0;32mI (363) esp_psram: Speed: 80MHz[0m
[0;32mI (401) mmu_psram: Read only data copied and mapped to SPIRAM[0m
[0;32mI (502) mmu_psram: Instructions copied and mapped to SPIRAM[0m
[0;32mI (503) cpu_start: Multicore app[0m
[0;32mI (825) esp_psram: SPI SRAM memory test OK[0m
[0;32mI (834) cpu_start: Pro cpu start user code[0m
[0;32mI (834) cpu_start: cpu freq: 240000000 Hz[0m
[0;32mI (834) app_init: Application information:[0m
[0;32mI (835) app_init: Project name:     main_app[0m
[0;32mI (835) app_init: App version:      2[0m
[0;32mI (836) app_init: Compile time:     Mar 31 2025 13:01:25[0m
[0;32mI (837) app_init: ELF file SHA256:  dbf7b93b0...[0m
[0;32mI (837) app_init: ESP-IDF:          v5.3.1-dirty[0m
[0;32mI (838) efuse_init: Min chip rev:     v0.0[0m
[0;32mI (838) efuse_init: Max chip rev:     v0.99 [0m
[0;32mI (839) efuse_init: Chip rev:         v0.2[0m
[0;32mI (840) heap_init: Initializing. RAM available for dynamic allocation:[0m
[0;32mI (841) heap_init: At 3FCA96C8 len 00040048 (256 KiB): RAM[0m
[0;32mI (841) heap_init: At 3FCE9710 len 00005724 (21 KiB): RAM[0m
[0;32mI (842) heap_init: At 3FCF0000 len 00008000 (32 KiB): DRAM[0m
[0;32mI (843) heap_init: At 600FE100 len 00001EE8 (7 KiB): RTCRAM[0m
[0;32mI (844) esp_psram: Adding pool of 6380K of PSRAM memory to heap allocator[0m
[0;32mI (845) spi_flash: detected chip: gd[0m
[0;32mI (845) spi_flash: flash io: qio[0m
[0;31mE (846) i2c: CONFLICT! driver_ng is not allowed to be used with this old driver[0m

abort() was called at PC 0x420994b8 on core 0


Backtrace: 0x40375df2:0x3fceb1d0 0x40382d85:0x3fceb1f0 0x403885e2:0x3fceb210 0x420994b8:0x3fceb280 0x420052b6:0x3fceb2a0 0x40375953:0x3fceb2d0 0x403cca4c:0x3fceb340 0x403cce6d:0x3fceb380 0x403c89a9:0x3fceb4b0 0x40045c01:0x3fceb570 0x40043ab6:0x3fceb6f0 0x40034c45:0x3fceb710




ELF file SHA256: dbf7b93b0

[0;32mI (851) esp_core_dump_flash: Save core dump to flash...[0m
[0;32mI (851) esp_core_dump_common: Backing up stack @ 0x3fceb050 and use core dump stack @ 0x3fca67e0[0m
[0;31mE (853) esp_core_dump_flash: Core dump flash config is corrupted! CRC=0x7bd5c66f instead of 0x0[0m
[0;31mE (854) esp_core_dump_elf: Elf write init failed![0m
[0;31mE (854) esp_core_dump_common: Core dump write failed with error=-1[0m
[0;32mI (855) esp_core_dump_common: Core dump used 576 bytes on stack. 1300 bytes left free.[0m
[0;32mI (856) esp_core_dump_common: Restoring stack @ 0x3fceb050[0m
[0;32mI (857) esp_core_dump_flash: Core dump has been saved to flash.[0m
Rebooting...
ESP-ROM:esp32s3-20210327
Build:Mar 27 2021
rst:0xc (RTC_SW_CPU_RST),boot:0xb (SPI_FAST_FLASH_BOOT)
Saved PC:0x40375d50
SPIWP:0xee
mode:DIO, clock div:1
load:0x3fce2820,len:0x1918
load:0x403c8700,len:0x4
load:0x403c8704,len:0xe68
load:0x403cb700,len:0x303c
entry 0x403c8940
[0;32mI (26) boot: ESP-IDF v5.3.1-dirty 2nd stage bootloader[0m
[0;32mI (26) boot: compile time Mar 31 2025 12:23:40[0m
[0;32mI (26) boot: Multicore bootloader[0m
[0;32mI (27) boot: chip revision: v0.2[0m
[0;32mI (27) qio_mode: Enabling default flash chip QIO[0m
[0;32mI (28) boot.esp32s3: Boot SPI Speed : 80MHz[0m
[0;32mI (28) boot.esp32s3: SPI Mode       : QIO[0m
[0;32mI (29) boot.esp32s3: SPI Flash Size : 16MB[0m
[0;32mI (29) boot: Enabling RNG early entropy source...[0m
[0;32mI (30) boot: Partition Table:[0m
[0;32mI (30) boot: ## Label            Usage          Type ST Offset   Length[0m
[0;32mI (31) boot:  0 nvs              WiFi data        01 02 00011000 00004000[0m
[0;32mI (32) boot:  1 config_data      WiFi data        01 02 00015000 00002000[0m
[0;32mI (33) boot:  2 otadata          OTA data         01 00 00017000 00002000[0m
[0;32mI (34) boot:  3 phy_init         RF data          01 01 00019000 00001000[0m
[0;32mI (35) boot:  4 ota_0            OTA app          00 10 00020000 00360000[0m
[0;32mI (36) boot:  5 ota_1            OTA app          00 11 00380000 00360000[0m
[0;32mI (37) boot:  6 flash_tone       Unknown data     01 27 006e0000 00064000[0m
[0;32mI (38) boot:  7 auth_data        WiFi data        01 02 00744000 00002000[0m
[0;32mI (39) boot:  8 local_data       WiFi data        01 02 00746000 00032000[0m
[0;32mI (40) boot:  9 coredump         Unknown data     01 03 00778000 00010000[0m
[0;32mI (41) boot: 10 model            Unknown data     01 82 00800000 00400000[0m
[0;32mI (42) boot: 11 log_data         WiFi data        01 02 00d00000 00200000[0m
[0;32mI (43) boot: End of partition table[0m
[0;32mI (43) esp_image: segment 0: paddr=00020020 vaddr=3c140020 size=78d8ch (494988) map[0m
[0;32mI (119) esp_image: segment 1: paddr=00098db4 vaddr=3fc9d400 size=07264h ( 29284) load[0m
[0;32mI (125) esp_image: segment 2: paddr=000a0020 vaddr=42000020 size=13b9a8h (1292712) map[0m
[0;32mI (321) esp_image: segment 3: paddr=001db9d0 vaddr=3fca4664 size=010c4h (  4292) load[0m
[0;32mI (322) esp_image: segment 4: paddr=001dca9c vaddr=40374000 size=19338h (103224) load[0m
[0;32mI (353) boot: Loaded app from partition at offset 0x20000[0m
[0;32mI (354) boot: Disabling RNG early entropy source...[0m
[0;32mI (355) octal_psram: vendor id    : 0x0d (AP)[0m
[0;32mI (356) octal_psram: dev id       : 0x02 (generation 3)[0m
[0;32mI (356) octal_psram: density      : 0x03 (64 Mbit)[0m
[0;32mI (356) octal_psram: good-die     : 0x01 (Pass)[0m
[0;32mI (357) octal_psram: Latency      : 0x01 (Fixed)[0m
[0;32mI (357) octal_psram: VCC          : 0x01 (3V)[0m
[0;32mI (358) octal_psram: SRF          : 0x01 (Fast Refresh)[0m
[0;32mI (359) octal_psram: BurstType    : 0x01 (Hybrid Wrap)[0m
[0;32mI (359) octal_psram: BurstLen     : 0x01 (32 Byte)[0m
[0;32mI (360) octal_psram: Readlatency  : 0x02 (10 cycles@Fixed)[0m
[0;32mI (361) octal_psram: DriveStrength: 0x00 (1/1)[0m
[0;32mI (362) MSPI Timing: PSRAM timing tuning index: 5[0m
[0;32mI (362) esp_psram: Found 8MB PSRAM device[0m
[0;32mI (363) esp_psram: Speed: 80MHz[0m
[0;32mI (401) mmu_psram: Read only data copied and mapped to SPIRAM[0m
[0;32mI (502) mmu_psram: Instructions copied and mapped to SPIRAM[0m
[0;32mI (503) cpu_start: Multicore app[0m
[0;32mI (825) esp_psram: SPI SRAM memory test OK[0m
[0;32mI (834) cpu_start: Pro cpu start user code[0m
[0;32mI (834) cpu_start: cpu freq: 240000000 Hz[0m
[0;32mI (834) app_init: Application information:[0m
[0;32mI (835) app_init: Project name:     main_app[0m
[0;32mI (835) app_init: App version:      2[0m
[0;32mI (836) app_init: Compile time:     Mar 31 2025 13:01:25[0m
[0;32mI (837) app_init: ELF file SHA256:  dbf7b93b0...[0m
[0;32mI (837) app_init: ESP-IDF:          v5.3.1-dirty[0m
[0;32mI (838) efuse_init: Min chip rev:     v0.0[0m
[0;32mI (838) efuse_init: Max chip rev:     v0.99 [0m
[0;32mI (839) efuse_init: Chip rev:         v0.2[0m
[0;32mI (840) heap_init: Initializing. RAM available for dynamic allocation:[0m
[0;32mI (841) heap_init: At 3FCA96C8 len 00040048 (256 KiB): RAM[0m
[0;32mI (841) heap_init: At 3FCE9710 len 00005724 (21 KiB): RAM[0m
[0;32mI (842) heap_init: At 3FCF0000 len 00008000 (32 KiB): DRAM[0m
[0;32mI (843) heap_init: At 600FE100 len 00001EE8 (7 KiB): RTCRAM[0m
[0;32mI (844) esp_psram: Adding pool of 6380K of PSRAM memory to heap allocator[0m
[0;32mI (845) spi_flash: detected chip: gd[0m
[0;32mI (845) spi_flash: flash io: qio[0m
[0;31mE (846) i2c: CONFLICT! driver_ng is not allowed to be used with this old driver[0m

abort() was called at PC 0x420994b8 on core 0


Backtrace: 0x40375df2:0x3fceb1d0 0x40382d85:0x3fceb1f0 0x403885e2:0x3fceb210 0x420994b8:0x3fceb280 0x420052b6:0x3fceb2a0 0x40375953:0x3fceb2d0 0x403cca4c:0x3fceb340 0x403cce6d:0x3fceb380 0x403c89a9:0x3fceb4b0 0x40045c01:0x3fceb570 0x40043ab6:0x3fceb6f0 0x40034c45:0x3fceb710




ELF file SHA256: dbf7b93b0

[0;32mI (851) esp_core_dump_flash: Save core dump to flash...[0m
[0;32mI (851) esp_core_dump_common: Backing up stack @ 0x3fceb050 and use core dump stack @ 0x3fca67e0[0m
[0;31mE (853) esp_core_dump_flash: Core dump flash config is corrupted! CRC=0x7bd5c66f instead of 0x0[0m
[0;31mE (854) esp_core_dump_elf: Elf write init failed![0m
[0;31mE (854) esp_core_dump_common: Core dump write failed with error=-1[0m
[0;32mI (855) esp_core_dump_common: Core dump used 576 bytes on stack. 1300 bytes left free.[0m
[0;32mI (856) esp_core_dump_common: Restoring stack @ 0x3fceb050[0m
[0;32mI (857) esp_core_dump_flash: Core dump has been saved to flash.[0m
Rebooting...
ESP-ROM:esp32s3-20210327
Build:Mar 27 2021
rst:0xc (RTC_SW_CPU_RST),boot:0xb (SPI_FAST_FLASH_BOOT)
Saved PC:0x40375d50
SPIWP:0xee
mode:DIO, clock div:1
load:0x3fce2820,len:0x1918
load:0x403c8700,len:0x4
load:0x403c8704,len:0xe68
load:0x403cb700,len:0x303c
entry 0x403c8940
[0;32mI (26) boot: ESP-IDF v5.3.1-dirty 2nd stage bootloader[0m
[0;32mI (26) boot: compile time Mar 31 2025 12:23:40[0m
[0;32mI (26) boot: Multicore bootloader[0m
[0;32mI (27) boot: chip revision: v0.2[0m
[0;32mI (27) qio_mode: Enabling default flash chip QIO[0m
[0;32mI (28) boot.esp32s3: Boot SPI Speed : 80MHz[0m
[0;32mI (28) boot.esp32s3: SPI Mode       : QIO[0m
[0;32mI (29) boot.esp32s3: SPI Flash Size : 16MB[0m
[0;32mI (29) boot: Enabling RNG early entropy source...[0m
[0;32mI (30) boot: Partition Table:[0m
[0;32mI (30) boot: ## Label            Usage          Type ST Offset   Length[0m
[0;32mI (31) boot:  0 nvs              WiFi data        01 02 00011000 00004000[0m
[0;32mI (32) boot:  1 config_data      WiFi data        01 02 00015000 00002000[0m
[0;32mI (33) boot:  2 otadata          OTA data         01 00 00017000 00002000[0m
[0;32mI (34) boot:  3 phy_init         RF data          01 01 00019000 00001000[0m
[0;32mI (35) boot:  4 ota_0            OTA app          00 10 00020000 00360000[0m
[0;32mI (36) boot:  5 ota_1            OTA app          00 11 00380000 00360000[0m
[0;32mI (37) boot:  6 flash_tone       Unknown data     01 27 006e0000 00064000[0m
[0;32mI (38) boot:  7 auth_data        WiFi data        01 02 00744000 00002000[0m
[0;32mI (39) boot:  8 local_data       WiFi data        01 02 00746000 00032000[0m
[0;32mI (40) boot:  9 coredump         Unknown data     01 03 00778000 00010000[0m
[0;32mI (41) boot: 10 model            Unknown data     01 82 00800000 00400000[0m
[0;32mI (42) boot: 11 log_data         WiFi data        01 02 00d00000 00200000[0m
[0;32mI (43) boot: End of partition table[0m
[0;32mI (43) esp_image: segment 0: paddr=00020020 vaddr=3c140020 size=78d8ch (494988) map[0m
[0;32mI (119) esp_image: segment 1: paddr=00098db4 vaddr=3fc9d400 size=07264h ( 29284) load[0m
[0;32mI (125) esp_image: segment 2: paddr=000a0020 vaddr=42000020 size=13b9a8h (1292712) map[0m
[0;32mI (321) esp_image: segment 3: paddr=001db9d0 vaddr=3fca4664 size=010c4h (  4292) load[0m
[0;32mI (322) esp_image: segment 4: paddr=001dca9c vaddr=40374000 size=19338h (103224) load[0m
[0;32mI (353) boot: Loaded app from partition at offset 0x20000[0m
[0;32mI (354) boot: Disabling RNG early entropy source...[0m
[0;32mI (355) octal_psram: vendor id    : 0x0d (AP)[0m
[0;32mI (356) octal_psram: dev id       : 0x02 (generation 3)[0m
[0;32mI (356) octal_psram: density      : 0x03 (64 Mbit)[0m
[0;32mI (356) octal_psram: good-die     : 0x01 (Pass)[0m
[0;32mI (357) octal_psram: Latency      : 0x01 (Fixed)[0m
[0;32mI (357) octal_psram: VCC          : 0x01 (3V)[0m
[0;32mI (358) octal_psram: SRF          : 0x01 (Fast Refresh)[0m
[0;32mI (359) octal_psram: BurstType    : 0x01 (Hybrid Wrap)[0m
[0;32mI (359) octal_psram: BurstLen     : 0x01 (32 Byte)[0m
[0;32mI (360) octal_psram: Readlatency  : 0x02 (10 cycles@Fixed)[0m
[0;32mI (361) octal_psram: DriveStrength: 0x00 (1/1)[0m
[0;32mI (362) MSPI Timing: PSRAM timing tuning index: 5[0m
[0;32mI (362) esp_psram: Found 8MB PSRAM device[0m
[0;32mI (363) esp_psram: Speed: 80MHz[0m
[0;32mI (401) mmu_psram: Read only data copied and mapped to SPIRAM[0m
[0;32mI (502) mmu_psram: Instructions copied and mapped to SPIRAM[0m
[0;32mI (503) cpu_start: Multicore app[0m
[0;32mI (825) esp_psram: SPI SRAM memory test OK[0m
[0;32mI (834) cpu_start: Pro cpu start user code[0m
[0;32mI (834) cpu_start: cpu freq: 240000000 Hz[0m
[0;32mI (834) app_init: Application information:[0m
[0;32mI (835) app_init: Project name:     main_app[0m
[0;32mI (835) app_init: App version:      2[0m
[0;32mI (836) app_init: Compile time:     Mar 31 2025 13:01:25[0m
[0;32mI (837) app_init: ELF file SHA256:  dbf7b93b0...[0m
[0;32mI (837) app_init: ESP-IDF:          v5.3.1-dirty[0m
[0;32mI (838) efuse_init: Min chip rev:     v0.0[0m
[0;32mI (838) efuse_init: Max chip rev:     v0.99 [0m
[0;32mI (839) efuse_init: Chip rev:         v0.2[0m
[0;32mI (840) heap_init: Initializing. RAM available for dynamic allocation:[0m
[0;32mI (841) heap_init: At 3FCA96C8 len 00040048 (256 KiB): RAM[0m
[0;32mI (841) heap_init: At 3FCE9710 len 00005724 (21 KiB): RAM[0m
[0;32mI (842) heap_init: At 3FCF0000 len 00008000 (32 KiB): DRAM[0m
[0;32mI (843) heap_init: At 600FE100 len 00001EE8 (7 KiB): RTCRAM[0m
[0;32mI (844) esp_psram: Adding pool of 6380K of PSRAM memory to heap allocator[0m
[0;32mI (845) spi_flash: detected chip: gd[0m
[0;32mI (845) spi_flash: flash io: qio[0m
[0;31mE (846) i2c: CONFLICT! driver_ng is not allowed to be used with this old driver[0m

abort() was called at PC 0x420994b8 on core 0


Backtrace: 0x40375df2:0x3fceb1d0 0x40382d85:0x3fceb1f0 0x403885e2:0x3fceb210 0x420994b8:0x3fceb280 0x420052b6:0x3fceb2a0 0x40375953:0x3fceb2d0 0x403cca4c:0x3fceb340 0x403cce6d:0x3fceb380 0x403c89a9:0x3fceb4b0 0x40045c01:0x3fceb570 0x40043ab6:0x3fceb6f0 0x40034c45:0x3fceb710




ELF file SHA256: dbf7b93b0

[0;32mI (851) esp_core_dump_flash: Save core dump to flash...[0m
[0;32mI (851) esp_core_dump_common: Backing up stack @ 0x3fceb050 and use core dump stack @ 0x3fca67e0[0m
[0;31mE (853) esp_core_dump_flash: Core dump flash config is corrupted! CRC=0x7bd5c66f instead of 0x0[0m
[0;31mE (854) esp_core_dump_elf: Elf write init failed![0m
[0;31mE (854) esp_core_dump_common: Core dump write failed with error=-1[0m
[0;32mI (855) esp_core_dump_common: Core dump used 576 bytes on stack. 1300 bytes left free.[0m
[0;32mI (856) esp_core_dump_common: Restoring stack @ 0x3fceb050[0m
[0;32mI (857) esp_core_dump_flash: Core dump has been saved to flash.[0m
Rebooting...
ESP-ROM:esp32s3-20210327
Build:Mar 27 2021
rst:0xc (RTC_SW_CPU_RST),boot:0xb (SPI_FAST_FLASH_BOOT)
Saved PC:0x40375d50
SPIWP:0xee
mode:DIO, clock div:1
load:0x3fce2820,len:0x1918
load:0x403c8700,len:0x4
load:0x403c8704,len:0xe68
load:0x403cb700,len:0x303c
entry 0x403c8940
[0;32mI (26) boot: ESP-IDF v5.3.1-dirty 2nd stage bootloader[0m
[0;32mI (26) boot: compile time Mar 31 2025 12:23:40[0m
[0;32mI (26) boot: Multicore bootloader[0m
[0;32mI (27) boot: chip revision: v0.2[0m
[0;32mI (27) qio_mode: Enabling default flash chip QIO[0m
[0;32mI (28) boot.esp32s3: Boot SPI Speed : 80MHz[0m
[0;32mI (28) boot.esp32s3: SPI Mode       : QIO[0m
[0;32mI (29) boot.esp32s3: SPI Flash Size : 16MB[0m
[0;32mI (29) boot: Enabling RNG early entropy source...[0m
[0;32mI (30) boot: Partition Table:[0m
[0;32mI (30) boot: ## Label            Usage          Type ST Offset   Length[0m
[0;32mI (31) boot:  0 nvs              WiFi data        01 02 00011000 00004000[0m
[0;32mI (32) boot:  1 config_data      WiFi data        01 02 00015000 00002000[0m
[0;32mI (33) boot:  2 otadata          OTA data         01 00 00017000 00002000[0m
[0;32mI (34) boot:  3 phy_init         RF data          01 01 00019000 00001000[0m
[0;32mI (35) boot:  4 ota_0            OTA app          00 10 00020000 00360000[0m
[0;32mI (36) boot:  5 ota_1            OTA app          00 11 00380000 00360000[0m
[0;32mI (37) boot:  6 flash_tone       Unknown data     01 27 006e0000 00064000[0m
[0;32mI (38) boot:  7 auth_data        WiFi data        01 02 00744000 00002000[0m
[0;32mI (39) boot:  8 local_data       WiFi data        01 02 00746000 00032000[0m
[0;32mI (40) boot:  9 coredump         Unknown data     01 03 00778000 00010000[0m
[0;32mI (41) boot: 10 model            Unknown data     01 82 00800000 00400000[0m
[0;32mI (42) boot: 11 log_data         WiFi data        01 02 00d00000 00200000[0m
[0;32mI (43) boot: End of partition table[0m
[0;32mI (43) esp_image: segment 0: paddr=00020020 vaddr=3c140020 size=78d8ch (494988) map[0m
[0;32mI (119) esp_image: segment 1: paddr=00098db4 vaddr=3fc9d400 size=07264h ( 29284) load[0m
[0;32mI (125) esp_image: segment 2: paddr=000a0020 vaddr=42000020 size=13b9a8h (1292712) map[0m
[0;32mI (321) esp_image: segment 3: paddr=001db9d0 vaddr=3fca4664 size=010c4h (  4292) load[0m
[0;32mI (322) esp_image: segment 4: paddr=001dca9c vaddr=40374000 size=19338h (103224) load[0m
[0;32mI (353) boot: Loaded app from partition at offset 0x20000[0m
[0;32mI (354) boot: Disabling RNG early entropy source...[0m
[0;32mI (355) octal_psram: vendor id    : 0x0d (AP)[0m
[0;32mI (356) octal_psram: dev id       : 0x02 (generation 3)[0m
[0;32mI (356) octal_psram: density      : 0x03 (64 Mbit)[0m
[0;32mI (356) octal_psram: good-die     : 0x01 (Pass)[0m
[0;32mI (357) octal_psram: Latency      : 0x01 (Fixed)[0m
[0;32mI (357) octal_psram: VCC          : 0x01 (3V)[0m
[0;32mI (358) octal_psram: SRF          : 0x01 (Fast Refresh)[0m
[0;32mI (359) octal_psram: BurstType    : 0x01 (Hybrid Wrap)[0m
[0;32mI (359) octal_psram: BurstLen     : 0x01 (32 Byte)[0m
[0;32mI (360) octal_psram: Readlatency  : 0x02 (10 cycles@Fixed)[0m
[0;32mI (361) octal_psram: DriveStrength: 0x00 (1/1)[0m
